Archive member included to satisfy reference by file (symbol)

D:\Workspace\gitLab_workspace\cn028-2-digital-power-dab\CN028_2_RA6T2_DAB\lib\libDAB_Lib.a(dab_lib.o)
                              ./src/dcdc_dab.o (PWM_para_init)
d:/cdpf/gnu arm embedded toolchain/10 2021.10/bin/../lib/gcc/arm-none-eabi/10.3.1/thumb/v8-m.main+fp/hard\libgcc.a(_arm_muldf3.o)
                              D:\Workspace\gitLab_workspace\cn028-2-digital-power-dab\CN028_2_RA6T2_DAB\lib\libDAB_Lib.a(dab_lib.o) (__aeabi_dmul)
d:/cdpf/gnu arm embedded toolchain/10 2021.10/bin/../lib/gcc/arm-none-eabi/10.3.1/thumb/v8-m.main+fp/hard\libgcc.a(_arm_addsubdf3.o)
                              D:\Workspace\gitLab_workspace\cn028-2-digital-power-dab\CN028_2_RA6T2_DAB\lib\libDAB_Lib.a(dab_lib.o) (__aeabi_dsub)
d:/cdpf/gnu arm embedded toolchain/10 2021.10/bin/../lib/gcc/arm-none-eabi/10.3.1/thumb/v8-m.main+fp/hard\libgcc.a(_arm_cmpdf2.o)
                              D:\Workspace\gitLab_workspace\cn028-2-digital-power-dab\CN028_2_RA6T2_DAB\lib\libDAB_Lib.a(dab_lib.o) (__aeabi_dcmplt)
d:/cdpf/gnu arm embedded toolchain/10 2021.10/bin/../lib/gcc/arm-none-eabi/10.3.1/thumb/v8-m.main+fp/hard\libgcc.a(_arm_truncdfsf2.o)
                              D:\Workspace\gitLab_workspace\cn028-2-digital-power-dab\CN028_2_RA6T2_DAB\lib\libDAB_Lib.a(dab_lib.o) (__aeabi_d2f)
d:/cdpf/gnu arm embedded toolchain/10 2021.10/bin/../lib/gcc/arm-none-eabi/10.3.1/thumb/v8-m.main+fp/hard\libgcc.a(_aeabi_ldivmod.o)
                              ./ra/fsp/src/r_sci_b_uart/r_sci_b_uart.o (__aeabi_ldivmod)
d:/cdpf/gnu arm embedded toolchain/10 2021.10/bin/../lib/gcc/arm-none-eabi/10.3.1/thumb/v8-m.main+fp/hard\libgcc.a(_udivmoddi4.o)
                              d:/cdpf/gnu arm embedded toolchain/10 2021.10/bin/../lib/gcc/arm-none-eabi/10.3.1/thumb/v8-m.main+fp/hard\libgcc.a(_aeabi_ldivmod.o) (__udivmoddi4)
d:/cdpf/gnu arm embedded toolchain/10 2021.10/bin/../lib/gcc/arm-none-eabi/10.3.1/thumb/v8-m.main+fp/hard\libgcc.a(_dvmd_tls.o)
                              d:/cdpf/gnu arm embedded toolchain/10 2021.10/bin/../lib/gcc/arm-none-eabi/10.3.1/thumb/v8-m.main+fp/hard\libgcc.a(_aeabi_ldivmod.o) (__aeabi_ldiv0)
d:/cdpf/gnu arm embedded toolchain/10 2021.10/bin/../lib/gcc/arm-none-eabi/10.3.1/../../../../arm-none-eabi/lib/thumb/v8-m.main+fp/hard\libg_nano.a(lib_a-errno.o)
                              ./ra/fsp/src/bsp/mcu/all/bsp_sbrk.o (__errno)
d:/cdpf/gnu arm embedded toolchain/10 2021.10/bin/../lib/gcc/arm-none-eabi/10.3.1/../../../../arm-none-eabi/lib/thumb/v8-m.main+fp/hard\libg_nano.a(lib_a-exit.o)
                              d:/cdpf/gnu arm embedded toolchain/10 2021.10/bin/../lib/gcc/arm-none-eabi/10.3.1/../../../../arm-none-eabi/lib/thumb/v8-m.main+fp/hard/rdimon-crt0.o (exit)
d:/cdpf/gnu arm embedded toolchain/10 2021.10/bin/../lib/gcc/arm-none-eabi/10.3.1/../../../../arm-none-eabi/lib/thumb/v8-m.main+fp/hard\libg_nano.a(lib_a-impure.o)
                              d:/cdpf/gnu arm embedded toolchain/10 2021.10/bin/../lib/gcc/arm-none-eabi/10.3.1/../../../../arm-none-eabi/lib/thumb/v8-m.main+fp/hard\libg_nano.a(lib_a-exit.o) (_global_impure_ptr)
d:/cdpf/gnu arm embedded toolchain/10 2021.10/bin/../lib/gcc/arm-none-eabi/10.3.1/../../../../arm-none-eabi/lib/thumb/v8-m.main+fp/hard\libg_nano.a(lib_a-init.o)
                              d:/cdpf/gnu arm embedded toolchain/10 2021.10/bin/../lib/gcc/arm-none-eabi/10.3.1/../../../../arm-none-eabi/lib/thumb/v8-m.main+fp/hard/rdimon-crt0.o (__libc_init_array)
d:/cdpf/gnu arm embedded toolchain/10 2021.10/bin/../lib/gcc/arm-none-eabi/10.3.1/../../../../arm-none-eabi/lib/thumb/v8-m.main+fp/hard\libg_nano.a(lib_a-memcpy-stub.o)
                              ./ra/fsp/src/r_sci_b_uart/r_sci_b_uart.o (memcpy)
d:/cdpf/gnu arm embedded toolchain/10 2021.10/bin/../lib/gcc/arm-none-eabi/10.3.1/../../../../arm-none-eabi/lib/thumb/v8-m.main+fp/hard\libg_nano.a(lib_a-memset.o)
                              d:/cdpf/gnu arm embedded toolchain/10 2021.10/bin/../lib/gcc/arm-none-eabi/10.3.1/../../../../arm-none-eabi/lib/thumb/v8-m.main+fp/hard/rdimon-crt0.o (memset)
d:/cdpf/gnu arm embedded toolchain/10 2021.10/bin/../lib/gcc/arm-none-eabi/10.3.1/../../../../arm-none-eabi/lib/thumb/v8-m.main+fp/hard\libg_nano.a(lib_a-nano-vfprintf_float.o)
                              (_printf_float)
d:/cdpf/gnu arm embedded toolchain/10 2021.10/bin/../lib/gcc/arm-none-eabi/10.3.1/../../../../arm-none-eabi/lib/thumb/v8-m.main+fp/hard\libg_nano.a(lib_a-nano-vfprintf_i.o)
                              d:/cdpf/gnu arm embedded toolchain/10 2021.10/bin/../lib/gcc/arm-none-eabi/10.3.1/../../../../arm-none-eabi/lib/thumb/v8-m.main+fp/hard\libg_nano.a(lib_a-nano-vfprintf_float.o) (_printf_common)
d:/cdpf/gnu arm embedded toolchain/10 2021.10/bin/../lib/gcc/arm-none-eabi/10.3.1/../../../../arm-none-eabi/lib/thumb/v8-m.main+fp/hard\libg_nano.a(lib_a-strlen.o)
[...]
Memory Configuration

Name             Origin             Length             Attributes
FLASH            0x00000000         0x00080000         xr
RAM              0x20000000         0x00010000         xrw
DATA_FLASH       0x08000000         0x00004000         xr
QSPI_FLASH       0x60000000         0x00000000         xr
OSPI_DEVICE_0    0x68000000         0x00000000         xr
OSPI_DEVICE_1    0x70000000         0x00000000         xr
OSPI_DEVICE_0_RAM 0x68000000         0x00000000         xrw
OSPI_DEVICE_1_RAM 0x70000000         0x00000000         xrw
SDRAM            0x90000000         0x00000000         xrw
OPTION_SETTING   0x0100a100         0x00000100         r
OPTION_SETTING_S 0x0100a200         0x00000100         r
ID_CODE          0x00000000         0x00000000         xr
*default*        0x00000000         0xffffffff

Linker script and memory map

LOAD d:/cdpf/gnu arm embedded toolchain/10 2021.10/bin/../lib/gcc/arm-none-eabi/10.3.1/thumb/v8-m.main+fp/hard/crti.o
LOAD d:/cdpf/gnu arm embedded toolchain/10 2021.10/bin/../lib/gcc/arm-none-eabi/10.3.1/thumb/v8-m.main+fp/hard/crtbegin.o
LOAD d:/cdpf/gnu arm embedded toolchain/10 2021.10/bin/../lib/gcc/arm-none-eabi/10.3.1/../../../../arm-none-eabi/lib/thumb/v8-m.main+fp/hard/rdimon-crt0.o
START GROUP
LOAD ./src/can_fd.o
LOAD ./src/console.o
LOAD ./src/dcdc_dab.o
LOAD ./src/err_handler.o
LOAD ./src/hal_entry.o
LOAD ./src/ra6t2.o
LOAD ./ra_gen/common_data.o
LOAD ./ra_gen/elc_data.o
LOAD ./ra_gen/hal_data.o
LOAD ./ra_gen/main.o
LOAD ./ra_gen/pin_data.o
LOAD ./ra_gen/vector_data.o
LOAD ./ra/fsp/src/r_sci_b_uart/r_sci_b_uart.o
LOAD ./ra/fsp/src/r_poeg/r_poeg.o
LOAD ./ra/fsp/src/r_ioport/r_ioport.o
LOAD ./ra/fsp/src/r_icu/r_icu.o
LOAD ./ra/fsp/src/r_gpt/r_gpt.o
LOAD ./ra/fsp/src/r_elc/r_elc.o
LOAD ./ra/fsp/src/r_dtc/r_dtc.o
LOAD ./ra/fsp/src/r_dac/r_dac.o
LOAD ./ra/fsp/src/r_canfd/r_canfd.o
LOAD ./ra/fsp/src/r_agt/r_agt.o
LOAD ./ra/fsp/src/r_adc_b/r_adc_b.o
LOAD ./ra/fsp/src/r_acmphs/r_acmphs.o
LOAD ./ra/fsp/src/bsp/mcu/all/bsp_clocks.o
LOAD ./ra/fsp/src/bsp/mcu/all/bsp_common.o
LOAD ./ra/fsp/src/bsp/mcu/all/bsp_delay.o
LOAD ./ra/fsp/src/bsp/mcu/all/bsp_group_irq.o
LOAD ./ra/fsp/src/bsp/mcu/all/bsp_guard.o
LOAD ./ra/fsp/src/bsp/mcu/all/bsp_io.o
LOAD ./ra/fsp/src/bsp/mcu/all/bsp_irq.o
LOAD ./ra/fsp/src/bsp/mcu/all/bsp_register_protection.o
LOAD ./ra/fsp/src/bsp/mcu/all/bsp_rom_registers.o
LOAD ./ra/fsp/src/bsp/mcu/all/bsp_sbrk.o
LOAD ./ra/fsp/src/bsp/mcu/all/bsp_security.o
LOAD ./ra/fsp/src/bsp/cmsis/Device/RENESAS/Source/startup.o
LOAD ./ra/fsp/src/bsp/cmsis/Device/RENESAS/Source/system.o
LOAD D:\Workspace\gitLab_workspace\cn028-2-digital-power-dab\CN028_2_RA6T2_DAB\lib\libDAB_Lib.a
END GROUP
START GROUP
LOAD d:/cdpf/gnu arm embedded toolchain/10 2021.10/bin/../lib/gcc/arm-none-eabi/10.3.1/thumb/v8-m.main+fp/hard\libgcc.a
LOAD d:/cdpf/gnu arm embedded toolchain/10 2021.10/bin/../lib/gcc/arm-none-eabi/10.3.1/../../../../arm-none-eabi/lib/thumb/v8-m.main+fp/hard\libg_nano.a
LOAD d:/cdpf/gnu arm embedded toolchain/10 2021.10/bin/../lib/gcc/arm-none-eabi/10.3.1/../../../../arm-none-eabi/lib/thumb/v8-m.main+fp/hard\libc_nano.a
END GROUP
START GROUP
LOAD d:/cdpf/gnu arm embedded toolchain/10 2021.10/bin/../lib/gcc/arm-none-eabi/10.3.1/thumb/v8-m.main+fp/hard\libgcc.a
LOAD d:/cdpf/gnu arm embedded toolchain/10 2021.10/bin/../lib/gcc/arm-none-eabi/10.3.1/../../../../arm-none-eabi/lib/thumb/v8-m.main+fp/hard\libc_nano.a
LOAD d:/cdpf/gnu arm embedded toolchain/10 2021.10/bin/../lib/gcc/arm-none-eabi/10.3.1/../../../../arm-none-eabi/lib/thumb/v8-m.main+fp/hard\librdimon_nano.a
END GROUP
START GROUP
LOAD d:/cdpf/gnu arm embedded toolchain/10 2021.10/bin/../lib/gcc/arm-none-eabi/10.3.1/thumb/v8-m.main+fp/hard\libgcc.a
LOAD d:/cdpf/gnu arm embedded toolchain/10 2021.10/bin/../lib/gcc/arm-none-eabi/10.3.1/../../../../arm-none-eabi/lib/thumb/v8-m.main+fp/hard\libc_nano.a
LOAD d:/cdpf/gnu arm embedded toolchain/10 2021.10/bin/../lib/gcc/arm-none-eabi/10.3.1/../../../../arm-none-eabi/lib/thumb/v8-m.main+fp/hard\librdimon_nano.a
END GROUP
LOAD d:/cdpf/gnu arm embedded toolchain/10 2021.10/bin/../lib/gcc/arm-none-eabi/10.3.1/thumb/v8-m.main+fp/hard/crtend.o
LOAD d:/cdpf/gnu arm embedded toolchain/10 2021.10/bin/../lib/gcc/arm-none-eabi/10.3.1/thumb/v8-m.main+fp/hard/crtn.o
                0x20000000                RAM_START = 0x20000000
                0x00010000                RAM_LENGTH = 0x10000
                0x00000000                FLASH_START = 0x0
                0x00080000                FLASH_LENGTH = 0x80000
                0x08000000                DATA_FLASH_START = 0x8000000
                0x00004000                DATA_FLASH_LENGTH = 0x4000
                0x0100a100                OPTION_SETTING_START = 0x100a100
                0x00000100                OPTION_SETTING_LENGTH = 0x100
                0x0100a200                OPTION_SETTING_S_START = 0x100a200
                0x00000100                OPTION_SETTING_S_LENGTH = 0x100
                0x00000000                ID_CODE_START = 0x0
                0x00000000                ID_CODE_LENGTH = 0x0
                0x90000000                SDRAM_START = 0x90000000
                0x00000000                SDRAM_LENGTH = 0x0
                0x60000000                QSPI_FLASH_START = 0x60000000
                0x00000000                QSPI_FLASH_LENGTH = 0x0
                0x68000000                OSPI_DEVICE_0_START = 0x68000000
                0x00000000                OSPI_DEVICE_0_LENGTH = 0x0
                0x70000000                OSPI_DEVICE_1_START = 0x70000000
                0x00000000                OSPI_DEVICE_1_LENGTH = 0x0
                0x00000000                QSPI_FLASH_PRV_LENGTH = DEFINED (QSPI_FLASH_SIZE)?ABSOLUTE (QSPI_FLASH_SIZE):ABSOLUTE (QSPI_FLASH_LENGTH)
                0x00000000                OSPI_DEVICE_0_PRV_LENGTH = DEFINED (OSPI_DEVICE_0_SIZE)?ABSOLUTE (OSPI_DEVICE_0_SIZE):ABSOLUTE (OSPI_DEVICE_0_LENGTH)
                0x00000000                OSPI_DEVICE_1_PRV_LENGTH = DEFINED (OSPI_DEVICE_1_SIZE)?ABSOLUTE (OSPI_DEVICE_1_SIZE):ABSOLUTE (OSPI_DEVICE_1_LENGTH)
                0x00000000                __RESERVE_NS_RAM = ((! (DEFINED (PROJECT_NONSECURE)) && DEFINED (RAM_NS_BUFFER_LENGTH)) && (OPTION_SETTING_S_LENGTH != 0x0))
                0x00000000                RAM_NS_BUFFER_BLOCK_LENGTH = DEFINED (RAM_NS_BUFFER_LENGTH)?ALIGN (RAM_NS_BUFFER_LENGTH, 0x2000):0x0
                0x00000000                RAM_NS_BUFFER_LENGTH = DEFINED (RAM_NS_BUFFER_LENGTH)?RAM_NS_BUFFER_LENGTH:0x0
                0x20010000                RAM_NS_BUFFER_START = ((RAM_START + RAM_LENGTH) - RAM_NS_BUFFER_LENGTH)
                0x20010000                RAM_NS_BUFFER_BLOCK_START = ((RAM_START + RAM_LENGTH) - RAM_NS_BUFFER_BLOCK_LENGTH)
                0x0100a180                OPTION_SETTING_START_NS = 0x100a180
                0x00000001                __bl_FSP_BOOTABLE_IMAGE = 0x1
                0x00000001                __bln_FSP_BOOTABLE_IMAGE = 0x1
                0x00000001                PROJECT_SECURE_OR_FLAT = ((! (DEFINED (PROJECT_NONSECURE)) && OPTION_SETTING_LENGTH) && ! (DEFINED (FSP_BOOTABLE_IMAGE)))
                0x00000000                USE_OPTION_SETTING_NS = (DEFINED (PROJECT_NONSECURE) && ! (DEFINED (FSP_BOOTABLE_IMAGE)))
                0x00000000                __bl_FLASH_IMAGE_START = ! (DEFINED (FLASH_BOOTLOADER_LENGTH))?0x0:(FLASH_APPLICATION_IMAGE_NUMBER == 0x1)?(FLASH_BOOTLOADER_LENGTH + FLASH_BOOTLOADER_HEADER_LENGTH):(((FLASH_BOOTLOADER_LENGTH + FLASH_BOOTLOADER_SCRATCH_LENGTH) + FLASH_APPLICATION_S_LENGTH) + FLASH_BOOTLOADER_HEADER_LENGTH)
                0x00000000                __bl_FLASH_IMAGE_LENGTH = ! (DEFINED (FLASH_BOOTLOADER_LENGTH))?0x0:(FLASH_APPLICATION_S_LENGTH - FLASH_BOOTLOADER_HEADER_LENGTH)
                0x00000000                __bl_FLASH_IMAGE_END = (__bl_FLASH_IMAGE_START + __bl_FLASH_IMAGE_LENGTH)
                0x00000000                __bl_XIP_SECONDARY_FLASH_IMAGE_START = ! (DEFINED (FLASH_BOOTLOADER_LENGTH))?0x0:((FLASH_BOOTLOADER_LENGTH + FLASH_APPLICATION_S_LENGTH) + FLASH_BOOTLOADER_HEADER_LENGTH)
                0x00000000                __bl_XIP_SECONDARY_FLASH_IMAGE_END = (__bl_XIP_SECONDARY_FLASH_IMAGE_START + __bl_FLASH_IMAGE_LENGTH)
                0x00000000                __bl_FLASH_NS_START = ! (DEFINED (FLASH_BOOTLOADER_LENGTH))?0x0:(FLASH_APPLICATION_NS_LENGTH == 0x0)?__bl_FLASH_IMAGE_END:((__bl_FLASH_IMAGE_START - FLASH_BOOTLOADER_HEADER_LENGTH) + FLASH_APPLICATION_S_LENGTH)
                0x00000000                __bl_FLASH_NSC_START = ! (DEFINED (FLASH_BOOTLOADER_LENGTH))?0x0:(FLASH_APPLICATION_NS_LENGTH == 0x0)?__bl_FLASH_IMAGE_END:(__bl_FLASH_NS_START - FLASH_APPLICATION_NSC_LENGTH)
                0x00000000                __bl_RAM_NS_START = ! (DEFINED (FLASH_BOOTLOADER_LENGTH))?0x0:(FLASH_APPLICATION_NS_LENGTH == 0x0)?(RAM_START + RAM_LENGTH):((RAM_START + RAM_LENGTH) - RAM_APPLICATION_NS_LENGTH)
                0x00000000                __bl_RAM_NSC_START = ! (DEFINED (FLASH_BOOTLOADER_LENGTH))?0x0:(FLASH_APPLICATION_NS_LENGTH == 0x0)?(RAM_START + RAM_LENGTH):(__bl_RAM_NS_START - RAM_APPLICATION_NSC_LENGTH)
                0x00000000                __bl_FLASH_NS_IMAGE_START = ! (DEFINED (FLASH_BOOTLOADER_LENGTH))?0x0:(FLASH_APPLICATION_NS_LENGTH == 0x0)?__bl_FLASH_IMAGE_END:(__bl_FLASH_NS_START + FLASH_BOOTLOADER_HEADER_LENGTH_2)
                0x00000000                __bln_FLASH_IMAGE_START = __bl_FLASH_NS_IMAGE_START
                0x00000000                __bln_FLASH_IMAGE_LENGTH = ! (DEFINED (FLASH_BOOTLOADER_LENGTH))?0x0:(FLASH_APPLICATION_NS_LENGTH == 0x0)?__bl_FLASH_IMAGE_END:(FLASH_APPLICATION_NS_LENGTH - FLASH_BOOTLOADER_HEADER_LENGTH_2)
                0x00000000                XIP_SECONDARY_SLOT_IMAGE = DEFINED (XIP_SECONDARY_SLOT_IMAGE)?XIP_SECONDARY_SLOT_IMAGE:0x0
                0x00000000                FLASH_ORIGIN = ! (DEFINED (FLASH_IMAGE_START))?FLASH_START:(XIP_SECONDARY_SLOT_IMAGE == 0x1)?XIP_SECONDARY_FLASH_IMAGE_START:FLASH_IMAGE_START
                0x00080000                LIMITED_FLASH_LENGTH = DEFINED (FLASH_IMAGE_LENGTH)?FLASH_IMAGE_LENGTH:DEFINED (FLASH_BOOTLOADER_LENGTH)?FLASH_BOOTLOADER_LENGTH:FLASH_LENGTH
START GROUP
LOAD d:/cdpf/gnu arm embedded toolchain/10 2021.10/bin/../lib/gcc/arm-none-eabi/10.3.1/thumb/v8-m.main+fp/hard\libgcc.a
LOAD d:/cdpf/gnu arm embedded toolchain/10 2021.10/bin/../lib/gcc/arm-none-eabi/10.3.1/../../../../arm-none-eabi/lib/thumb/v8-m.main+fp/hard\libc.a
LOAD d:/cdpf/gnu arm embedded toolchain/10 2021.10/bin/../lib/gcc/arm-none-eabi/10.3.1/../../../../arm-none-eabi/lib/thumb/v8-m.main+fp/hard\libm.a
LOAD d:/cdpf/gnu arm embedded toolchain/10 2021.10/bin/../lib/gcc/arm-none-eabi/10.3.1/../../../../arm-none-eabi/lib/thumb/v8-m.main+fp/hard\libnosys.a
END GROUP

.text           0x00000000     0xabac
                0x00000000                __tz_FLASH_S = ABSOLUTE (FLASH_START)
                0x00000000                __ROM_Start = .
 *(.fixed_vectors*)
 .fixed_vectors
                0x00000000       0x40 ./ra/fsp/src/bsp/cmsis/Device/RENESAS/Source/startup.o
                0x00000000                __Vectors
 *(.application_vectors*)
 .application_vectors
                0x00000040      0x180 ./ra_gen/vector_data.o
                0x00000040                g_vector_table
                0x000001c0                __Vectors_End = .
                0x000001c0                . = (OPTION_SETTING_LENGTH > 0x0)?.:(__ROM_Start + 0x400)
 *(.rom_registers*)
                0x000001c0                . = (OPTION_SETTING_LENGTH > 0x0)?.:(__ROM_Start + 0x500)
                0x00000200                . = ALIGN (0x80)
 *fill*         0x000001c0       0x40 ff
 *(.mcuboot_sce9_key*)
 *(.text*)
 .text          0x00000200       0x40 d:/cdpf/gnu arm embedded toolchain/10 2021.10/bin/../lib/gcc/arm-none-eabi/10.3.1/thumb/v8-m.main+fp/hard/crtbegin.o
 .text.R_CAN_init
                0x00000240       0x48 ./src/can_fd.o
                0x00000240                R_CAN_init
 .text.canfd0_callback
                0x00000288       0x28 ./src/can_fd.o
                0x00000288                canfd0_callback
 .text.can_write1_1
                0x000002b0       0xf8 ./src/can_fd.o
                0x000002b0                can_write1_1
 .text.canfd_operation
                0x000003a8      0x694 ./src/can_fd.o
                0x000003a8                canfd_operation
 .text.FloatTo2Byte
                0x00000a3c       0x24 ./src/console.o
                0x00000a3c                FloatTo2Byte
 .text.TwoByte2Float
                0x00000a60       0x34 ./src/console.o
                0x00000a60                TwoByte2Float
 .text.serial_para_read1_refresh
                0x00000a94       0xd4 ./src/console.o
                0x00000a94                serial_para_read1_refresh
 .text.serial_para_write1
                0x00000b68      0x1a4 ./src/console.o
                0x00000b68                serial_para_write1
 .text.serial_para_write2
                0x00000d0c      0x370 ./src/console.o
                0x00000d0c                serial_para_write2
 .text.serial_para_monitor_refresh
                0x0000107c      0x11c ./src/console.o
                0x0000107c                serial_para_monitor_refresh
 .text.serial_para_init
                0x00001198      0x1f8 ./src/console.o
                0x00001198                serial_para_init
 .text.uart_operation
                0x00001390      0x1fc ./src/console.o
                0x00001390                uart_operation
 .text.dab_para_init
                0x0000158c      0x1a8 ./src/dcdc_dab.o
                0x0000158c                dab_para_init
 .text.dab_console_set
                0x00001734       0xd4 ./src/dcdc_dab.o
                0x00001734                dab_console_set
 .text.dab_PWM_refresh
                0x00001808      0x108 ./src/dcdc_dab.o
                0x00001808                dab_PWM_refresh
 .text.dab_high_fre_routine
                0x00001910       0xa8 ./src/dcdc_dab.o
                0x00001910                dab_high_fre_routine
 .text.pwm_start
                0x000019b8      0x228 ./src/dcdc_dab.o
                0x000019b8                pwm_start
 .text.dab_start
                0x00001be0      0x240 ./src/dcdc_dab.o
                0x00001be0                dab_start
 .text.pwm_stop
                0x00001e20      0x13c ./src/dcdc_dab.o
                0x00001e20                pwm_stop
 .text.burst_function
                0x00001f5c      0x35c ./src/dcdc_dab.o
                0x00001f5c                burst_function
 .text.dab_stop
                0x000022b8       0x78 ./src/dcdc_dab.o
                0x000022b8                dab_stop
 .text.dab_routine
                0x00002330      0x1a8 ./src/dcdc_dab.o
                0x00002330                dab_routine
 .text.dab_high_protection
                0x000024d8       0xc8 ./src/err_handler.o
                0x000024d8                dab_high_protection
 .text.dab_low_protection
                0x000025a0       0xa0 ./src/err_handler.o
                0x000025a0                dab_low_protection
 .text.g_poeg1_callback
                0x00002640       0x48 ./src/err_handler.o
                0x00002640                g_poeg1_callback
 .text.g_irq0_callback
                0x00002688        0x4 ./src/err_handler.o
                0x00002688                g_irq0_callback
 .text.dab_err_rst
                0x0000268c      0x180 ./src/err_handler.o
                0x0000268c                dab_err_rst
 .text.hal_entry
                0x0000280c      0x170 ./src/hal_entry.o
                0x0000280c                hal_entry
 .text.R_BSP_WarmStart
                0x0000297c       0x18 ./src/hal_entry.o
                0x0000297c                R_BSP_WarmStart
 .text.g_agt1_10kHz_callback
                0x00002994       0x54 ./src/hal_entry.o
                0x00002994                g_agt1_10kHz_callback
 .text.adc_b_adi0_isr_user
                0x000029e8      0x20c ./src/hal_entry.o
                0x000029e8                adc_b_adi0_isr_user
 .text.adc_b_adi1_isr_user
                0x00002bf4       0xa0 ./src/hal_entry.o
                0x00002bf4                adc_b_adi1_isr_user
 .text.g_adc_b_callback
                0x00002c94        0x4 ./src/hal_entry.o
                0x00002c94                g_adc_b_callback
 .text.startup  0x00002c98       0x20 ./src/ra6t2.o
                0x00002c98                startup
 .text.R_ADC_init
                0x00002cb8       0xb4 ./src/ra6t2.o
                0x00002cb8                R_ADC_init
 .text.R_UART_init
                0x00002d6c       0x58 ./src/ra6t2.o
                0x00002d6c                R_UART_init
 .text.g_uart9_callback
                0x00002dc4       0x24 ./src/ra6t2.o
                0x00002dc4                g_uart9_callback
 .text.R_GPT0_1_2_3_init
                0x00002de8      0x1d8 ./src/ra6t2.o
                0x00002de8                R_GPT0_1_2_3_init
 .text.R_CMP_DA_init
                0x00002fc0       0xc8 ./src/ra6t2.o
                0x00002fc0                R_CMP_DA_init
 .text.hardware_init
                0x00003088      0x1ac ./src/ra6t2.o
                0x00003088                hardware_init
 .text.gpt8_ccmpa_isr
                0x00003234       0xd8 ./src/ra6t2.o
                0x00003234                gpt8_ccmpa_isr
 .text.startup.main
                0x0000330c        0xc ./ra_gen/main.o
                0x0000330c                main
 .text.R_SCI_B_UART_Read
                0x00003318       0x34 ./ra/fsp/src/r_sci_b_uart/r_sci_b_uart.o
                0x00003318                R_SCI_B_UART_Read
 .text.R_SCI_B_UART_Write
                0x0000334c       0x5c ./ra/fsp/src/r_sci_b_uart/r_sci_b_uart.o
                0x0000334c                R_SCI_B_UART_Write
 .text.R_SCI_B_UART_BaudSet
                0x000033a8       0x2c ./ra/fsp/src/r_sci_b_uart/r_sci_b_uart.o
                0x000033a8                R_SCI_B_UART_BaudSet
 .text.R_SCI_B_UART_Close
                0x000033d4      0x100 ./ra/fsp/src/r_sci_b_uart/r_sci_b_uart.o
                0x000033d4                R_SCI_B_UART_Close
 .text.R_SCI_B_UART_Open
                0x000034d4      0x3d4 ./ra/fsp/src/r_sci_b_uart/r_sci_b_uart.o
                0x000034d4                R_SCI_B_UART_Open
 .text.sci_b_uart_txi_isr
                0x000038a8       0xc8 ./ra/fsp/src/r_sci_b_uart/r_sci_b_uart.o
                0x000038a8                sci_b_uart_txi_isr
 .text.sci_b_uart_rxi_isr
                0x00003970      0x144 ./ra/fsp/src/r_sci_b_uart/r_sci_b_uart.o
                0x00003970                sci_b_uart_rxi_isr
 .text.sci_b_uart_tei_isr
                0x00003ab4       0x7c ./ra/fsp/src/r_sci_b_uart/r_sci_b_uart.o
                0x00003ab4                sci_b_uart_tei_isr
 .text.sci_b_uart_eri_isr
                0x00003b30       0xb8 ./ra/fsp/src/r_sci_b_uart/r_sci_b_uart.o
                0x00003b30                sci_b_uart_eri_isr
 .text.R_POEG_Open
                0x00003be8       0xc0 ./ra/fsp/src/r_poeg/r_poeg.o
                0x00003be8                R_POEG_Open
 .text.R_POEG_OutputDisable
                0x00003ca8       0x10 ./ra/fsp/src/r_poeg/r_poeg.o
                0x00003ca8                R_POEG_OutputDisable
 .text.R_POEG_Reset
                0x00003cb8       0x14 ./ra/fsp/src/r_poeg/r_poeg.o
                0x00003cb8                R_POEG_Reset
 .text.R_POEG_StatusGet
                0x00003ccc       0x14 ./ra/fsp/src/r_poeg/r_poeg.o
                0x00003ccc                R_POEG_StatusGet
 .text.R_POEG_CallbackSet
                0x00003ce0       0x10 ./ra/fsp/src/r_poeg/r_poeg.o
                0x00003ce0                R_POEG_CallbackSet
 .text.R_POEG_Close
                0x00003cf0       0x54 ./ra/fsp/src/r_poeg/r_poeg.o
                0x00003cf0                R_POEG_Close
 .text.poeg_event_isr
                0x00003d44       0x4c ./ra/fsp/src/r_poeg/r_poeg.o
                0x00003d44                poeg_event_isr
 .text.R_IOPORT_Close
                0x00003d90        0xc ./ra/fsp/src/r_ioport/r_ioport.o
                0x00003d90                R_IOPORT_Close
 .text.R_IOPORT_PinCfg
                0x00003d9c       0x90 ./ra/fsp/src/r_ioport/r_ioport.o
                0x00003d9c                R_IOPORT_PinCfg
 .text.R_IOPORT_PinRead
                0x00003e2c       0x24 ./ra/fsp/src/r_ioport/r_ioport.o
                0x00003e2c                R_IOPORT_PinRead
 .text.R_IOPORT_PortRead
                0x00003e50       0x14 ./ra/fsp/src/r_ioport/r_ioport.o
                0x00003e50                R_IOPORT_PortRead
 .text.R_IOPORT_PortWrite
                0x00003e64       0x1c ./ra/fsp/src/r_ioport/r_ioport.o
                0x00003e64                R_IOPORT_PortWrite
 .text.R_IOPORT_PinWrite
                0x00003e80       0x20 ./ra/fsp/src/r_ioport/r_ioport.o
                0x00003e80                R_IOPORT_PinWrite
 .text.R_IOPORT_PortDirectionSet
                0x00003ea0       0x2c ./ra/fsp/src/r_ioport/r_ioport.o
                0x00003ea0                R_IOPORT_PortDirectionSet
 .text.R_IOPORT_PortEventInputRead
                0x00003ecc       0x18 ./ra/fsp/src/r_ioport/r_ioport.o
                0x00003ecc                R_IOPORT_PortEventInputRead
 .text.R_IOPORT_PinEventInputRead
                0x00003ee4       0x38 ./ra/fsp/src/r_ioport/r_ioport.o
                0x00003ee4                R_IOPORT_PinEventInputRead
 .text.R_IOPORT_PortEventOutputWrite
                0x00003f1c       0x1c ./ra/fsp/src/r_ioport/r_ioport.o
                0x00003f1c                R_IOPORT_PortEventOutputWrite
 .text.R_IOPORT_PinEventOutputWrite
                0x00003f38       0x4c ./ra/fsp/src/r_ioport/r_ioport.o
                0x00003f38                R_IOPORT_PinEventOutputWrite
 .text.r_ioport_pins_config
                0x00003f84       0xac ./ra/fsp/src/r_ioport/r_ioport.o
 .text.R_IOPORT_Open
                0x00004030       0x14 ./ra/fsp/src/r_ioport/r_ioport.o
                0x00004030                R_IOPORT_Open
 .text.R_IOPORT_PinsCfg
                0x00004044        0xc ./ra/fsp/src/r_ioport/r_ioport.o
                0x00004044                R_IOPORT_PinsCfg
 .text.R_ICU_ExternalIrqOpen
                0x00004050       0x84 ./ra/fsp/src/r_icu/r_icu.o
                0x00004050                R_ICU_ExternalIrqOpen
 .text.R_ICU_ExternalIrqEnable
                0x000040d4       0x44 ./ra/fsp/src/r_icu/r_icu.o
                0x000040d4                R_ICU_ExternalIrqEnable
 .text.r_icu_isr
                0x00004118       0x6c ./ra/fsp/src/r_icu/r_icu.o
                0x00004118                r_icu_isr
 .text.R_GPT_Stop
                0x00004184        0xc ./ra/fsp/src/r_gpt/r_gpt.o
                0x00004184                R_GPT_Stop
 .text.R_GPT_Start
                0x00004190        0xc ./ra/fsp/src/r_gpt/r_gpt.o
                0x00004190                R_GPT_Start
 .text.R_GPT_Reset
                0x0000419c        0xc ./ra/fsp/src/r_gpt/r_gpt.o
                0x0000419c                R_GPT_Reset
 .text.R_GPT_Enable
                0x000041a8       0x30 ./ra/fsp/src/r_gpt/r_gpt.o
                0x000041a8                R_GPT_Enable
 .text.R_GPT_Disable
                0x000041d8       0x18 ./ra/fsp/src/r_gpt/r_gpt.o
                0x000041d8                R_GPT_Disable
 .text.R_GPT_PeriodSet
                0x000041f0       0x3c ./ra/fsp/src/r_gpt/r_gpt.o
                0x000041f0                R_GPT_PeriodSet
 .text.R_GPT_InfoGet
                0x0000422c       0x48 ./ra/fsp/src/r_gpt/r_gpt.o
                0x0000422c                R_GPT_InfoGet
 .text.R_GPT_StatusGet
                0x00004274       0x14 ./ra/fsp/src/r_gpt/r_gpt.o
                0x00004274                R_GPT_StatusGet
 .text.R_GPT_CallbackSet
                0x00004288       0x10 ./ra/fsp/src/r_gpt/r_gpt.o
                0x00004288                R_GPT_CallbackSet
 .text.r_gpt_enable_irq
                0x00004298       0x5c ./ra/fsp/src/r_gpt/r_gpt.o
 .text.R_GPT_Close
                0x000042f4       0xcc ./ra/fsp/src/r_gpt/r_gpt.o
                0x000042f4                R_GPT_Close
 .text.R_GPT_DutyCycleSet
                0x000043c0      0x170 ./ra/fsp/src/r_gpt/r_gpt.o
                0x000043c0                R_GPT_DutyCycleSet
 .text.R_GPT_Open
                0x00004530      0x39c ./ra/fsp/src/r_gpt/r_gpt.o
                0x00004530                R_GPT_Open
 .text.R_ELC_Open
                0x000048cc       0x58 ./ra/fsp/src/r_elc/r_elc.o
                0x000048cc                R_ELC_Open
 .text.R_ELC_LinkSet
                0x00004924       0x10 ./ra/fsp/src/r_elc/r_elc.o
                0x00004924                R_ELC_LinkSet
 .text.R_ELC_Enable
                0x00004934       0x10 ./ra/fsp/src/r_elc/r_elc.o
                0x00004934                R_ELC_Enable
 .text.R_DTC_Reset
                0x00004944       0x94 ./ra/fsp/src/r_dtc/r_dtc.o
                0x00004944                R_DTC_Reset
 .text.R_DTC_SoftwareStart
                0x000049d8        0x4 ./ra/fsp/src/r_dtc/r_dtc.o
                0x000049d8                R_DTC_SoftwareStart
 .text.R_DTC_SoftwareStop
                0x000049dc        0x4 ./ra/fsp/src/r_dtc/r_dtc.o
                0x000049dc                R_DTC_SoftwareStop
 .text.R_DTC_Enable
                0x000049e0       0x20 ./ra/fsp/src/r_dtc/r_dtc.o
                0x000049e0                R_DTC_Enable
 .text.R_DTC_Disable
                0x00004a00       0x20 ./ra/fsp/src/r_dtc/r_dtc.o
                0x00004a00                R_DTC_Disable
 .text.R_DTC_InfoGet
                0x00004a20       0x60 ./ra/fsp/src/r_dtc/r_dtc.o
                0x00004a20                R_DTC_InfoGet
 .text.R_DTC_Close
                0x00004a80       0x34 ./ra/fsp/src/r_dtc/r_dtc.o
                0x00004a80                R_DTC_Close
 .text.R_DTC_Open
                0x00004ab4       0xbc ./ra/fsp/src/r_dtc/r_dtc.o
                0x00004ab4                R_DTC_Open
 .text.R_DTC_Reconfigure
                0x00004b70       0x8c ./ra/fsp/src/r_dtc/r_dtc.o
                0x00004b70                R_DTC_Reconfigure
 .text.R_DAC_Open
                0x00004bfc       0x8c ./ra/fsp/src/r_dac/r_dac.o
                0x00004bfc                R_DAC_Open
 .text.R_DAC_Write
                0x00004c88       0x10 ./ra/fsp/src/r_dac/r_dac.o
                0x00004c88                R_DAC_Write
 .text.R_DAC_Stop
                0x00004c98       0x34 ./ra/fsp/src/r_dac/r_dac.o
                0x00004c98                R_DAC_Stop
 .text.R_DAC_Close
                0x00004ccc       0x40 ./ra/fsp/src/r_dac/r_dac.o
                0x00004ccc                R_DAC_Close
 .text.R_DAC_Start
                0x00004d0c      0x100 ./ra/fsp/src/r_dac/r_dac.o
                0x00004d0c                R_DAC_Start
 .text.R_CANFD_Close
                0x00004e0c       0xfc ./ra/fsp/src/r_canfd/r_canfd.o
                0x00004e0c                R_CANFD_Close
 .text.R_CANFD_Write
                0x00004f08      0x10c ./ra/fsp/src/r_canfd/r_canfd.o
                0x00004f08                R_CANFD_Write
 .text.R_CANFD_InfoGet
                0x00005014       0x48 ./ra/fsp/src/r_canfd/r_canfd.o
                0x00005014                R_CANFD_InfoGet
 .text.R_CANFD_CallbackSet
                0x0000505c       0x10 ./ra/fsp/src/r_canfd/r_canfd.o
                0x0000505c                R_CANFD_CallbackSet
 .text.R_CANFD_Read
                0x0000506c      0x114 ./ra/fsp/src/r_canfd/r_canfd.o
                0x0000506c                R_CANFD_Read
 .text.r_canfd_mode_transition
                0x00005180       0xb8 ./ra/fsp/src/r_canfd/r_canfd.o
 .text.R_CANFD_ModeTransition
                0x00005238       0x80 ./ra/fsp/src/r_canfd/r_canfd.o
                0x00005238                R_CANFD_ModeTransition
 .text.R_CANFD_Open
                0x000052b8      0x354 ./ra/fsp/src/r_canfd/r_canfd.o
                0x000052b8                R_CANFD_Open
 .text.canfd_error_isr
                0x0000560c       0xec ./ra/fsp/src/r_canfd/r_canfd.o
                0x0000560c                canfd_error_isr
 .text.canfd_rx_fifo_isr
                0x000056f8      0x130 ./ra/fsp/src/r_canfd/r_canfd.o
                0x000056f8                canfd_rx_fifo_isr
 .text.canfd_channel_tx_isr
                0x00005828      0x114 ./ra/fsp/src/r_canfd/r_canfd.o
                0x00005828                canfd_channel_tx_isr
 .text.R_AGT_Start
                0x0000593c       0x54 ./ra/fsp/src/r_agt/r_agt.o
                0x0000593c                R_AGT_Start
 .text.R_AGT_Stop
                0x00005990       0x1c ./ra/fsp/src/r_agt/r_agt.o
                0x00005990                R_AGT_Stop
 .text.R_AGT_Reset
                0x000059ac       0x1c ./ra/fsp/src/r_agt/r_agt.o
                0x000059ac                R_AGT_Reset
 .text.R_AGT_Enable
                0x000059c8       0x18 ./ra/fsp/src/r_agt/r_agt.o
                0x000059c8                R_AGT_Enable
 .text.R_AGT_Disable
                0x000059e0        0xc ./ra/fsp/src/r_agt/r_agt.o
                0x000059e0                R_AGT_Disable
 .text.R_AGT_PeriodSet
                0x000059ec       0x50 ./ra/fsp/src/r_agt/r_agt.o
                0x000059ec                R_AGT_PeriodSet
 .text.R_AGT_DutyCycleSet
                0x00005a3c       0x20 ./ra/fsp/src/r_agt/r_agt.o
                0x00005a3c                R_AGT_DutyCycleSet
 .text.R_AGT_InfoGet
                0x00005a5c       0xd8 ./ra/fsp/src/r_agt/r_agt.o
                0x00005a5c                R_AGT_InfoGet
 .text.R_AGT_StatusGet
                0x00005b34       0x24 ./ra/fsp/src/r_agt/r_agt.o
                0x00005b34                R_AGT_StatusGet
 .text.R_AGT_CallbackSet
                0x00005b58       0x10 ./ra/fsp/src/r_agt/r_agt.o
                0x00005b58                R_AGT_CallbackSet
 .text.R_AGT_Close
                0x00005b68       0x7c ./ra/fsp/src/r_agt/r_agt.o
                0x00005b68                R_AGT_Close
 .text.R_AGT_Open
                0x00005be4      0x18c ./ra/fsp/src/r_agt/r_agt.o
                0x00005be4                R_AGT_Open
 .text.agt_int_isr
                0x00005d70       0x8c ./ra/fsp/src/r_agt/r_agt.o
                0x00005d70                agt_int_isr
 .text.R_ADC_B_CallbackSet
                0x00005dfc       0x10 ./ra/fsp/src/r_adc_b/r_adc_b.o
                0x00005dfc                R_ADC_B_CallbackSet
 .text.R_ADC_B_ScanStart
                0x00005e0c       0x18 ./ra/fsp/src/r_adc_b/r_adc_b.o
                0x00005e0c                R_ADC_B_ScanStart
 .text.R_ADC_B_ScanGroupStart
                0x00005e24       0x34 ./ra/fsp/src/r_adc_b/r_adc_b.o
                0x00005e24                R_ADC_B_ScanGroupStart
 .text.R_ADC_B_ScanStop
                0x00005e58       0x2c ./ra/fsp/src/r_adc_b/r_adc_b.o
                0x00005e58                R_ADC_B_ScanStop
 .text.R_ADC_B_StatusGet
                0x00005e84       0x18 ./ra/fsp/src/r_adc_b/r_adc_b.o
                0x00005e84                R_ADC_B_StatusGet
 .text.R_ADC_B_Read
                0x00005e9c       0x24 ./ra/fsp/src/r_adc_b/r_adc_b.o
                0x00005e9c                R_ADC_B_Read
 .text.R_ADC_B_Read32
                0x00005ec0       0x24 ./ra/fsp/src/r_adc_b/r_adc_b.o
                0x00005ec0                R_ADC_B_Read32
 .text.R_ADC_B_InfoGet
                0x00005ee4       0x3c ./ra/fsp/src/r_adc_b/r_adc_b.o
                0x00005ee4                R_ADC_B_InfoGet
 .text.R_ADC_B_Close
                0x00005f20       0xe8 ./ra/fsp/src/r_adc_b/r_adc_b.o
                0x00005f20                R_ADC_B_Close
 .text.R_ADC_B_Calibrate
                0x00006008       0xcc ./ra/fsp/src/r_adc_b/r_adc_b.o
                0x00006008                R_ADC_B_Calibrate
 .text.R_ADC_B_OffsetSet
                0x000060d4        0x4 ./ra/fsp/src/r_adc_b/r_adc_b.o
                0x000060d4                R_ADC_B_OffsetSet
 .text.R_ADC_B_Open
                0x000060d8      0x270 ./ra/fsp/src/r_adc_b/r_adc_b.o
                0x000060d8                R_ADC_B_Open
 .text.R_ADC_B_ScanCfg
                0x00006348      0x1e8 ./ra/fsp/src/r_adc_b/r_adc_b.o
                0x00006348                R_ADC_B_ScanCfg
 .text.adc_b_fiforeq5678_isr
                0x00006530       0xbc ./ra/fsp/src/r_adc_b/r_adc_b.o
                0x00006530                adc_b_fiforeq5678_isr
 .text.R_ACMPHS_InfoGet
                0x000065ec       0x54 ./ra/fsp/src/r_acmphs/r_acmphs.o
                0x000065ec                R_ACMPHS_InfoGet
 .text.R_ACMPHS_OutputEnable
                0x00006640       0x68 ./ra/fsp/src/r_acmphs/r_acmphs.o
                0x00006640                R_ACMPHS_OutputEnable
 .text.R_ACMPHS_StatusGet
                0x000066a8       0x6c ./ra/fsp/src/r_acmphs/r_acmphs.o
                0x000066a8                R_ACMPHS_StatusGet
 .text.R_ACMPHS_Close
                0x00006714       0x88 ./ra/fsp/src/r_acmphs/r_acmphs.o
                0x00006714                R_ACMPHS_Close
 .text.R_ACMPHS_Open
                0x0000679c       0xd4 ./ra/fsp/src/r_acmphs/r_acmphs.o
                0x0000679c                R_ACMPHS_Open
 .text.SystemCoreClockUpdate
                0x00006870       0x28 ./ra/fsp/src/bsp/mcu/all/bsp_clocks.o
                0x00006870                SystemCoreClockUpdate
 .text.bsp_clock_init
                0x00006898      0x1d0 ./ra/fsp/src/bsp/mcu/all/bsp_clocks.o
                0x00006898                bsp_clock_init
 .text.bsp_init_internal
                0x00006a68        0x4 ./ra/fsp/src/bsp/mcu/all/bsp_common.o
                0x00006a68                bsp_init_internal
                0x00006a68                bsp_init
 .text.__assert_func
                0x00006a6c        0x4 ./ra/fsp/src/bsp/mcu/all/bsp_common.o
                0x00006a6c                __assert_func
 .text.bsp_prv_software_delay_loop
                0x00006a70        0xc ./ra/fsp/src/bsp/mcu/all/bsp_delay.o
                0x00006a70                bsp_prv_software_delay_loop
 .text.R_BSP_SoftwareDelay
                0x00006a7c       0x68 ./ra/fsp/src/bsp/mcu/all/bsp_delay.o
                0x00006a7c                R_BSP_SoftwareDelay
 .text.NMI_Handler
                0x00006ae4       0x38 ./ra/fsp/src/bsp/mcu/all/bsp_group_irq.o
                0x00006ae4                NMI_Handler
 .text.bsp_irq_cfg
                0x00006b1c       0xa0 ./ra/fsp/src/bsp/mcu/all/bsp_irq.o
                0x00006b1c                bsp_irq_cfg
 .text.R_BSP_RegisterProtectEnable
                0x00006bbc       0x60 ./ra/fsp/src/bsp/mcu/all/bsp_register_protection.o
                0x00006bbc                R_BSP_RegisterProtectEnable
 .text.R_BSP_RegisterProtectDisable
                0x00006c1c       0x54 ./ra/fsp/src/bsp/mcu/all/bsp_register_protection.o
                0x00006c1c                R_BSP_RegisterProtectDisable
 .text._sbrk    0x00006c70       0x44 ./ra/fsp/src/bsp/mcu/all/bsp_sbrk.o
                0x00006c70                _sbrk
 .text.Default_Handler
                0x00006cb4        0x4 ./ra/fsp/src/bsp/cmsis/Device/RENESAS/Source/startup.o
                0x00006cb4                DebugMon_Handler
                0x00006cb4                HardFault_Handler
                0x00006cb4                SysTick_Handler
                0x00006cb4                PendSV_Handler
                0x00006cb4                UsageFault_Handler
                0x00006cb4                SecureFault_Handler
                0x00006cb4                Default_Handler
                0x00006cb4                MemManage_Handler
                0x00006cb4                SVC_Handler
                0x00006cb4                BusFault_Handler
 .text.Reset_Handler
                0x00006cb8        0xc ./ra/fsp/src/bsp/cmsis/Device/RENESAS/Source/startup.o
                0x00006cb8                Reset_Handler
 .text.SystemInit
                0x00006cc4       0xe8 ./ra/fsp/src/bsp/cmsis/Device/RENESAS/Source/system.o
                0x00006cc4                SystemInit
 .text.PWM_para_init
                0x00006dac       0xc8 D:\Workspace\gitLab_workspace\cn028-2-digital-power-dab\CN028_2_RA6T2_DAB\lib\libDAB_Lib.a(dab_lib.o)
                0x00006dac                PWM_para_init
 .text.PWM_value_refresh
                0x00006e74       0xec D:\Workspace\gitLab_workspace\cn028-2-digital-power-dab\CN028_2_RA6T2_DAB\lib\libDAB_Lib.a(dab_lib.o)
                0x00006e74                PWM_value_refresh
 .text.RAMP2_calc
                0x00006f60       0xcc D:\Workspace\gitLab_workspace\cn028-2-digital-power-dab\CN028_2_RA6T2_DAB\lib\libDAB_Lib.a(dab_lib.o)
                0x00006f60                RAMP2_calc
 *fill*         0x0000702c        0x4 ff
 .text.dab_global_optimized_control_pw
                0x00007030      0x538 D:\Workspace\gitLab_workspace\cn028-2-digital-power-dab\CN028_2_RA6T2_DAB\lib\libDAB_Lib.a(dab_lib.o)
                0x00007030                dab_global_optimized_control_pw
 .text          0x00007568      0x378 d:/cdpf/gnu arm embedded toolchain/10 2021.10/bin/../lib/gcc/arm-none-eabi/10.3.1/thumb/v8-m.main+fp/hard\libgcc.a(_arm_addsubdf3.o)
                0x00007568                __aeabi_drsub
                0x00007570                __aeabi_dsub
                0x00007570                __subdf3
                0x00007574                __aeabi_dadd
                0x00007574                __adddf3
                0x000077ec                __floatunsidf
                0x000077ec                __aeabi_ui2d
                0x0000780c                __floatsidf
                0x0000780c                __aeabi_i2d
                0x00007830                __aeabi_f2d
                0x00007830                __extendsfdf2
                0x00007874                __floatundidf
                0x00007874                __aeabi_ul2d
                0x00007884                __floatdidf
                0x00007884                __aeabi_l2d
 .text          0x000078e0      0x110 d:/cdpf/gnu arm embedded toolchain/10 2021.10/bin/../lib/gcc/arm-none-eabi/10.3.1/thumb/v8-m.main+fp/hard\libgcc.a(_arm_cmpdf2.o)
                0x000078e0                __gtdf2
                0x000078e0                __gedf2
                0x000078e8                __ltdf2
                0x000078e8                __ledf2
                0x000078f0                __nedf2
                0x000078f0                __eqdf2
                0x000078f0                __cmpdf2
                0x0000796c                __aeabi_cdrcmple
                0x0000797c                __aeabi_cdcmpeq
                0x0000797c                __aeabi_cdcmple
                0x0000798c                __aeabi_dcmpeq
                0x000079a0                __aeabi_dcmplt
                0x000079b4                __aeabi_dcmple
                0x000079c8                __aeabi_dcmpge
                0x000079dc                __aeabi_dcmpgt
 .text          0x000079f0       0xa0 d:/cdpf/gnu arm embedded toolchain/10 2021.10/bin/../lib/gcc/arm-none-eabi/10.3.1/thumb/v8-m.main+fp/hard\libgcc.a(_arm_truncdfsf2.o)
                0x000079f0                __truncdfsf2
                0x000079f0                __aeabi_d2f
 .text.__errno  0x00007a90        0xc d:/cdpf/gnu arm embedded toolchain/10 2021.10/bin/../lib/gcc/arm-none-eabi/10.3.1/../../../../arm-none-eabi/lib/thumb/v8-m.main+fp/hard\libg_nano.a(lib_a-errno.o)
                0x00007a90                __errno
 .text.memcpy   0x00007a9c       0x1a d:/cdpf/gnu arm embedded toolchain/10 2021.10/bin/../lib/gcc/arm-none-eabi/10.3.1/../../../../arm-none-eabi/lib/thumb/v8-m.main+fp/hard\libg_nano.a(lib_a-memcpy-stub.o)
                0x00007a9c                memcpy
 .text.memset   0x00007ab6       0x10 d:/cdpf/gnu arm embedded toolchain/10 2021.10/bin/../lib/gcc/arm-none-eabi/10.3.1/../../../../arm-none-eabi/lib/thumb/v8-m.main+fp/hard\libg_nano.a(lib_a-memset.o)
                0x00007ab6                memset
 .text.__cvt    0x00007ac6       0xc4 d:/cdpf/gnu arm embedded toolchain/10 2021.10/bin/../lib/gcc/arm-none-eabi/10.3.1/../../../../arm-none-eabi/lib/thumb/v8-m.main+fp/hard\libg_nano.a(lib_a-nano-vfprintf_float.o)
                0x00007ac6                __cvt
 .text.__exponent
                0x00007b8a       0x7c d:/cdpf/gnu arm embedded toolchain/10 2021.10/bin/../lib/gcc/arm-none-eabi/10.3.1/../../../../arm-none-eabi/lib/thumb/v8-m.main+fp/hard\libg_nano.a(lib_a-nano-vfprintf_float.o)
                0x00007b8a                __exponent
 *fill*         0x00007c06        0x2 ff
 .text._printf_float
                0x00007c08      0x46c d:/cdpf/gnu arm embedded toolchain/10 2021.10/bin/../lib/gcc/arm-none-eabi/10.3.1/../../../../arm-none-eabi/lib/thumb/v8-m.main+fp/hard\libg_nano.a(lib_a-nano-vfprintf_float.o)
                0x00007c08                _printf_float
 .text._printf_common
                0x00008074       0xe0 d:/cdpf/gnu arm embedded toolchain/10 2021.10/bin/../lib/gcc/arm-none-eabi/10.3.1/../../../../arm-none-eabi/lib/thumb/v8-m.main+fp/hard\libg_nano.a(lib_a-nano-vfprintf_i.o)
                0x00008074                _printf_common
 .text          0x00008154       0x10 d:/cdpf/gnu arm embedded toolchain/10 2021.10/bin/../lib/gcc/arm-none-eabi/10.3.1/../../../../arm-none-eabi/lib/thumb/v8-m.main+fp/hard\libg_nano.a(lib_a-strlen.o)
                0x00008154                strlen
 .text.quorem   0x00008164      0x122 d:/cdpf/gnu arm embedded toolchain/10 2021.10/bin/../lib/gcc/arm-none-eabi/10.3.1/../../../../arm-none-eabi/lib/thumb/v8-m.main+fp/hard\libg_nano.a(lib_a-dtoa.o)
 *fill*         0x00008286        0x2 ff
 .text._dtoa_r  0x00008288      0xbd8 d:/cdpf/gnu arm embedded toolchain/10 2021.10/bin/../lib/gcc/arm-none-eabi/10.3.1/../../../../arm-none-eabi/lib/thumb/v8-m.main+fp/hard\libg_nano.a(lib_a-dtoa.o)
                0x00008288                _dtoa_r
 .text._localeconv_r
                0x00008e60        0x8 d:/cdpf/gnu arm embedded toolchain/10 2021.10/bin/../lib/gcc/arm-none-eabi/10.3.1/../../../../arm-none-eabi/lib/thumb/v8-m.main+fp/hard\libg_nano.a(lib_a-localeconv.o)
                0x00008e60                _localeconv_r
 .text.malloc   0x00008e68       0x10 d:/cdpf/gnu arm embedded toolchain/10 2021.10/bin/../lib/gcc/arm-none-eabi/10.3.1/../../../../arm-none-eabi/lib/thumb/v8-m.main+fp/hard\libg_nano.a(lib_a-malloc.o)
                0x00008e68                malloc
 .text._Balloc  0x00008e78       0x80 d:/cdpf/gnu arm embedded toolchain/10 2021.10/bin/../lib/gcc/arm-none-eabi/10.3.1/../../../../arm-none-eabi/lib/thumb/v8-m.main+fp/hard\libg_nano.a(lib_a-mprec.o)
                0x00008e78                _Balloc
 .text._Bfree   0x00008ef8       0x44 d:/cdpf/gnu arm embedded toolchain/10 2021.10/bin/../lib/gcc/arm-none-eabi/10.3.1/../../../../arm-none-eabi/lib/thumb/v8-m.main+fp/hard\libg_nano.a(lib_a-mprec.o)
                0x00008ef8                _Bfree
 .text.__multadd
                0x00008f3c       0x90 d:/cdpf/gnu arm embedded toolchain/10 2021.10/bin/../lib/gcc/arm-none-eabi/10.3.1/../../../../arm-none-eabi/lib/thumb/v8-m.main+fp/hard\libg_nano.a(lib_a-mprec.o)
                0x00008f3c                __multadd
 .text.__hi0bits
                0x00008fcc       0x40 d:/cdpf/gnu arm embedded toolchain/10 2021.10/bin/../lib/gcc/arm-none-eabi/10.3.1/../../../../arm-none-eabi/lib/thumb/v8-m.main+fp/hard\libg_nano.a(lib_a-mprec.o)
                0x00008fcc                __hi0bits
 .text.__lo0bits
                0x0000900c       0x5e d:/cdpf/gnu arm embedded toolchain/10 2021.10/bin/../lib/gcc/arm-none-eabi/10.3.1/../../../../arm-none-eabi/lib/thumb/v8-m.main+fp/hard\libg_nano.a(lib_a-mprec.o)
                0x0000900c                __lo0bits
 *fill*         0x0000906a        0x2 ff
 .text.__i2b    0x0000906c       0x2c d:/cdpf/gnu arm embedded toolchain/10 2021.10/bin/../lib/gcc/arm-none-eabi/10.3.1/../../../../arm-none-eabi/lib/thumb/v8-m.main+fp/hard\libg_nano.a(lib_a-mprec.o)
                0x0000906c                __i2b
 .text.__multiply
                0x00009098      0x150 d:/cdpf/gnu arm embedded toolchain/10 2021.10/bin/../lib/gcc/arm-none-eabi/10.3.1/../../../../arm-none-eabi/lib/thumb/v8-m.main+fp/hard\libg_nano.a(lib_a-mprec.o)
                0x00009098                __multiply
 .text.__pow5mult
                0x000091e8       0xb4 d:/cdpf/gnu arm embedded toolchain/10 2021.10/bin/../lib/gcc/arm-none-eabi/10.3.1/../../../../arm-none-eabi/lib/thumb/v8-m.main+fp/hard\libg_nano.a(lib_a-mprec.o)
                0x000091e8                __pow5mult
 .text.__lshift
                0x0000929c       0xe0 d:/cdpf/gnu arm embedded toolchain/10 2021.10/bin/../lib/gcc/arm-none-eabi/10.3.1/../../../../arm-none-eabi/lib/thumb/v8-m.main+fp/hard\libg_nano.a(lib_a-mprec.o)
                0x0000929c                __lshift
 .text.__mcmp   0x0000937c       0x38 d:/cdpf/gnu arm embedded toolchain/10 2021.10/bin/../lib/gcc/arm-none-eabi/10.3.1/../../../../arm-none-eabi/lib/thumb/v8-m.main+fp/hard\libg_nano.a(lib_a-mprec.o)
                0x0000937c                __mcmp
 .text.__mdiff  0x000093b4      0x120 d:/cdpf/gnu arm embedded toolchain/10 2021.10/bin/../lib/gcc/arm-none-eabi/10.3.1/../../../../arm-none-eabi/lib/thumb/v8-m.main+fp/hard\libg_nano.a(lib_a-mprec.o)
                0x000093b4                __mdiff
 .text.__d2b    0x000094d4       0xb8 d:/cdpf/gnu arm embedded toolchain/10 2021.10/bin/../lib/gcc/arm-none-eabi/10.3.1/../../../../arm-none-eabi/lib/thumb/v8-m.main+fp/hard\libg_nano.a(lib_a-mprec.o)
                0x000094d4                __d2b
 .text._calloc_r
                0x0000958c       0x2c d:/cdpf/gnu arm embedded toolchain/10 2021.10/bin/../lib/gcc/arm-none-eabi/10.3.1/../../../../arm-none-eabi/lib/thumb/v8-m.main+fp/hard\libg_nano.a(lib_a-nano-callocr.o)
                0x0000958c                _calloc_r
 .text.sbrk_aligned
                0x000095b8       0x40 d:/cdpf/gnu arm embedded toolchain/10 2021.10/bin/../lib/gcc/arm-none-eabi/10.3.1/../../../../arm-none-eabi/lib/thumb/v8-m.main+fp/hard\libg_nano.a(lib_a-nano-mallocr.o)
 .text._malloc_r
                0x000095f8       0xe8 d:/cdpf/gnu arm embedded toolchain/10 2021.10/bin/../lib/gcc/arm-none-eabi/10.3.1/../../../../arm-none-eabi/lib/thumb/v8-m.main+fp/hard\libg_nano.a(lib_a-nano-mallocr.o)
                0x000095f8                _malloc_r
 .text._sbrk_r  0x000096e0       0x20 d:/cdpf/gnu arm embedded toolchain/10 2021.10/bin/../lib/gcc/arm-none-eabi/10.3.1/../../../../arm-none-eabi/lib/thumb/v8-m.main+fp/hard\libg_nano.a(lib_a-sbrkr.o)
                0x000096e0                _sbrk_r
 .text.__ascii_mbtowc
                0x00009700       0x24 d:/cdpf/gnu arm embedded toolchain/10 2021.10/bin/../lib/gcc/arm-none-eabi/10.3.1/../../../../arm-none-eabi/lib/thumb/v8-m.main+fp/hard\libg_nano.a(lib_a-mbtowc_r.o)
                0x00009700                __ascii_mbtowc
 .text.__malloc_lock
                0x00009724        0xc d:/cdpf/gnu arm embedded toolchain/10 2021.10/bin/../lib/gcc/arm-none-eabi/10.3.1/../../../../arm-none-eabi/lib/thumb/v8-m.main+fp/hard\libg_nano.a(lib_a-mlock.o)
                0x00009724                __malloc_lock
 .text.__malloc_unlock
                0x00009730        0xc d:/cdpf/gnu arm embedded toolchain/10 2021.10/bin/../lib/gcc/arm-none-eabi/10.3.1/../../../../arm-none-eabi/lib/thumb/v8-m.main+fp/hard\libg_nano.a(lib_a-mlock.o)
                0x00009730                __malloc_unlock
 .text.__ascii_wctomb
                0x0000973c       0x1a d:/cdpf/gnu arm embedded toolchain/10 2021.10/bin/../lib/gcc/arm-none-eabi/10.3.1/../../../../arm-none-eabi/lib/thumb/v8-m.main+fp/hard\libg_nano.a(lib_a-wctomb_r.o)
                0x0000973c                __ascii_wctomb
 .text.__retarget_lock_acquire_recursive
                0x00009756        0x2 d:/cdpf/gnu arm embedded toolchain/10 2021.10/bin/../lib/gcc/arm-none-eabi/10.3.1/../../../../arm-none-eabi/lib/thumb/v8-m.main+fp/hard\libg_nano.a(lib_a-lock.o)
                0x00009756                __retarget_lock_acquire_recursive
 .text.__retarget_lock_release_recursive
                0x00009758        0x2 d:/cdpf/gnu arm embedded toolchain/10 2021.10/bin/../lib/gcc/arm-none-eabi/10.3.1/../../../../arm-none-eabi/lib/thumb/v8-m.main+fp/hard\libg_nano.a(lib_a-lock.o)
                0x00009758                __retarget_lock_release_recursive
 *fill*         0x0000975a        0x2 ff
 .text          0x0000975c      0x424 d:/cdpf/gnu arm embedded toolchain/10 2021.10/bin/../lib/gcc/arm-none-eabi/10.3.1/thumb/v8-m.main+fp/hard\libgcc.a(_arm_muldivdf3.o)
                0x0000975c                __aeabi_dmul
                0x0000975c                __muldf3
                0x000099b0                __divdf3
                0x000099b0                __aeabi_ddiv
 .text          0x00009b80       0x2c d:/cdpf/gnu arm embedded toolchain/10 2021.10/bin/../lib/gcc/arm-none-eabi/10.3.1/thumb/v8-m.main+fp/hard\libgcc.a(_arm_unorddf2.o)
                0x00009b80                __unorddf2
                0x00009b80                __aeabi_dcmpun
 .text          0x00009bac       0x50 d:/cdpf/gnu arm embedded toolchain/10 2021.10/bin/../lib/gcc/arm-none-eabi/10.3.1/thumb/v8-m.main+fp/hard\libgcc.a(_arm_fixdfsi.o)
                0x00009bac                __aeabi_d2iz
                0x00009bac                __fixdfsi
 *(.version)
 .version       0x00009bfc       0x50 ./ra/fsp/src/bsp/mcu/all/bsp_common.o
 *(.init)
 .init          0x00009c4c        0x4 d:/cdpf/gnu arm embedded toolchain/10 2021.10/bin/../lib/gcc/arm-none-eabi/10.3.1/thumb/v8-m.main+fp/hard/crti.o
                0x00009c4c                _init
 .init          0x00009c50        0x8 d:/cdpf/gnu arm embedded toolchain/10 2021.10/bin/../lib/gcc/arm-none-eabi/10.3.1/thumb/v8-m.main+fp/hard/crtn.o
 *(.fini)
 .fini          0x00009c58        0x4 d:/cdpf/gnu arm embedded toolchain/10 2021.10/bin/../lib/gcc/arm-none-eabi/10.3.1/thumb/v8-m.main+fp/hard/crti.o
                0x00009c58                _fini
 .fini          0x00009c5c        0x8 d:/cdpf/gnu arm embedded toolchain/10 2021.10/bin/../lib/gcc/arm-none-eabi/10.3.1/thumb/v8-m.main+fp/hard/crtn.o
 *crtbegin.o(.ctors)
 *crtbegin?.o(.ctors)
 *(EXCLUDE_FILE(*crtend.o *crtend?.o) .ctors)
 *(SORT_BY_NAME(.ctors.*))
 *(.ctors)
 *crtbegin.o(.dtors)
 *crtbegin?.o(.dtors)
 *(EXCLUDE_FILE(*crtend.o *crtend?.o) .dtors)
 *(SORT_BY_NAME(.dtors.*))
 *(.dtors)
 *(.rodata*)
 .rodata.p_canfd0_afl
                0x00009c64      0x200 ./src/can_fd.o
                0x00009c64                p_canfd0_afl
 .rodata.g_ioport
                0x00009e64        0xc ./ra_gen/common_data.o
                0x00009e64                g_ioport
 .rodata.g_irq0_cfg
                0x00009e70       0x14 ./ra_gen/common_data.o
                0x00009e70                g_irq0_cfg
 .rodata.g_elc_cfg
                0x00009e84       0x3c ./ra_gen/elc_data.o
                0x00009e84                g_elc_cfg
 .rodata.g_adc0
                0x00009ec0       0x10 ./ra_gen/hal_data.o
                0x00009ec0                g_adc0
 .rodata.g_adc0_cfg
                0x00009ed0       0x18 ./ra_gen/hal_data.o
                0x00009ed0                g_adc0_cfg
 .rodata.g_adc0_cfg_extend
                0x00009ee8       0xfc ./ra_gen/hal_data.o
                0x00009ee8                g_adc0_cfg_extend
 .rodata.g_adc0_group_0_cfg
                0x00009fe4       0x1c ./ra_gen/hal_data.o
                0x00009fe4                g_adc0_group_0_cfg
 .rodata.g_adc0_group_0_virtual_channels
                0x0000a000       0x14 ./ra_gen/hal_data.o
                0x0000a000                g_adc0_group_0_virtual_channels
 .rodata.g_adc0_group_1_cfg
                0x0000a014       0x1c ./ra_gen/hal_data.o
                0x0000a014                g_adc0_group_1_cfg
 .rodata.g_adc0_group_1_virtual_channels
                0x0000a030        0x8 ./ra_gen/hal_data.o
                0x0000a030                g_adc0_group_1_virtual_channels
 .rodata.g_adc0_isr_cfg
                0x0000a038       0x28 ./ra_gen/hal_data.o
                0x0000a038                g_adc0_isr_cfg
 .rodata.g_adc0_scan_cfg
                0x0000a060        0x8 ./ra_gen/hal_data.o
                0x0000a060                g_adc0_scan_cfg
 .rodata.g_adc0_scan_cfg_groups
                0x0000a068        0x8 ./ra_gen/hal_data.o
                0x0000a068                g_adc0_scan_cfg_groups
 .rodata.g_adc0_virtual_channel_0_cfg
                0x0000a070       0x14 ./ra_gen/hal_data.o
                0x0000a070                g_adc0_virtual_channel_0_cfg
 .rodata.g_adc0_virtual_channel_12_cfg
                0x0000a084       0x14 ./ra_gen/hal_data.o
                0x0000a084                g_adc0_virtual_channel_12_cfg
 .rodata.g_adc0_virtual_channel_13_cfg
                0x0000a098       0x14 ./ra_gen/hal_data.o
                0x0000a098                g_adc0_virtual_channel_13_cfg
 .rodata.g_adc0_virtual_channel_14_cfg
                0x0000a0ac       0x14 ./ra_gen/hal_data.o
                0x0000a0ac                g_adc0_virtual_channel_14_cfg
 .rodata.g_adc0_virtual_channel_15_cfg
                0x0000a0c0       0x14 ./ra_gen/hal_data.o
                0x0000a0c0                g_adc0_virtual_channel_15_cfg
 .rodata.g_adc0_virtual_channel_4_cfg
                0x0000a0d4       0x14 ./ra_gen/hal_data.o
                0x0000a0d4                g_adc0_virtual_channel_4_cfg
 .rodata.g_adc0_virtual_channel_6_cfg
                0x0000a0e8       0x14 ./ra_gen/hal_data.o
                0x0000a0e8                g_adc0_virtual_channel_6_cfg
 .rodata.g_agt1_10kHz
                0x0000a0fc        0xc ./ra_gen/hal_data.o
                0x0000a0fc                g_agt1_10kHz
 .rodata.g_agt1_10kHz_cfg
                0x0000a108       0x20 ./ra_gen/hal_data.o
                0x0000a108                g_agt1_10kHz_cfg
 .rodata.g_agt1_10kHz_extend
                0x0000a128        0x7 ./ra_gen/hal_data.o
                0x0000a128                g_agt1_10kHz_extend
 *fill*         0x0000a12f        0x1 ff
 .rodata.g_canfd0
                0x0000a130        0xc ./ra_gen/hal_data.o
                0x0000a130                g_canfd0
 .rodata.g_canfd0_cfg
                0x0000a13c       0x18 ./ra_gen/hal_data.o
                0x0000a13c                g_canfd0_cfg
 .rodata.g_comparator2
                0x0000a154        0xc ./ra_gen/hal_data.o
                0x0000a154                g_comparator2
 .rodata.g_comparator2_cfg
                0x0000a160       0x18 ./ra_gen/hal_data.o
                0x0000a160                g_comparator2_cfg
 .rodata.g_dac0
                0x0000a178        0xc ./ra_gen/hal_data.o
                0x0000a178                g_dac0
 .rodata.g_dac0_cfg
                0x0000a184        0x8 ./ra_gen/hal_data.o
                0x0000a184                g_dac0_cfg
 .rodata.g_dac0_ext_cfg
                0x0000a18c        0x4 ./ra_gen/hal_data.o
                0x0000a18c                g_dac0_ext_cfg
 .rodata.g_dac1
                0x0000a190        0xc ./ra_gen/hal_data.o
                0x0000a190                g_dac1
 .rodata.g_dac1_cfg
                0x0000a19c        0x8 ./ra_gen/hal_data.o
                0x0000a19c                g_dac1_cfg
 .rodata.g_dac1_ext_cfg
                0x0000a1a4        0x4 ./ra_gen/hal_data.o
                0x0000a1a4                g_dac1_ext_cfg
 .rodata.g_dac2
                0x0000a1a8        0xc ./ra_gen/hal_data.o
                0x0000a1a8                g_dac2
 .rodata.g_dac2_cfg
                0x0000a1b4        0x8 ./ra_gen/hal_data.o
                0x0000a1b4                g_dac2_cfg
 .rodata.g_dac2_ext_cfg
                0x0000a1bc        0x4 ./ra_gen/hal_data.o
                0x0000a1bc                g_dac2_ext_cfg
 .rodata.g_dac3
                0x0000a1c0        0xc ./ra_gen/hal_data.o
                0x0000a1c0                g_dac3
 .rodata.g_dac3_cfg
                0x0000a1cc        0x8 ./ra_gen/hal_data.o
                0x0000a1cc                g_dac3_cfg
 .rodata.g_dac3_ext_cfg
                0x0000a1d4        0x4 ./ra_gen/hal_data.o
                0x0000a1d4                g_dac3_ext_cfg
 .rodata.g_dtc0_sci9_txi
                0x0000a1d8        0xc ./ra_gen/hal_data.o
                0x0000a1d8                g_dtc0_sci9_txi
 .rodata.g_dtc0_sci9_txi_cfg
                0x0000a1e4        0x8 ./ra_gen/hal_data.o
                0x0000a1e4                g_dtc0_sci9_txi_cfg
 .rodata.g_dtc0_sci9_txi_cfg_extend
                0x0000a1ec        0x1 ./ra_gen/hal_data.o
                0x0000a1ec                g_dtc0_sci9_txi_cfg_extend
 *fill*         0x0000a1ed        0x3 ff
 .rodata.g_dtc1_sci9_rxi
                0x0000a1f0        0xc ./ra_gen/hal_data.o
                0x0000a1f0                g_dtc1_sci9_rxi
 .rodata.g_dtc1_sci9_rxi_cfg
                0x0000a1fc        0x8 ./ra_gen/hal_data.o
                0x0000a1fc                g_dtc1_sci9_rxi_cfg
 .rodata.g_dtc1_sci9_rxi_cfg_extend
                0x0000a204        0x1 ./ra_gen/hal_data.o
                0x0000a204                g_dtc1_sci9_rxi_cfg_extend
 *fill*         0x0000a205        0x3 ff
 .rodata.g_poeg1
                0x0000a208        0xc ./ra_gen/hal_data.o
                0x0000a208                g_poeg1
 .rodata.g_poeg1_cfg
                0x0000a214       0x14 ./ra_gen/hal_data.o
                0x0000a214                g_poeg1_cfg
 .rodata.g_timer0
                0x0000a228        0xc ./ra_gen/hal_data.o
                0x0000a228                g_timer0
 .rodata.g_timer0_cfg
                0x0000a234       0x20 ./ra_gen/hal_data.o
                0x0000a234                g_timer0_cfg
 .rodata.g_timer0_extend
                0x0000a254       0x30 ./ra_gen/hal_data.o
                0x0000a254                g_timer0_extend
 .rodata.g_timer0_pwm_extend
                0x0000a284       0x20 ./ra_gen/hal_data.o
                0x0000a284                g_timer0_pwm_extend
 .rodata.g_timer1
                0x0000a2a4        0xc ./ra_gen/hal_data.o
                0x0000a2a4                g_timer1
 .rodata.g_timer1_cfg
                0x0000a2b0       0x20 ./ra_gen/hal_data.o
                0x0000a2b0                g_timer1_cfg
 .rodata.g_timer1_extend
                0x0000a2d0       0x30 ./ra_gen/hal_data.o
                0x0000a2d0                g_timer1_extend
 .rodata.g_timer1_pwm_extend
                0x0000a300       0x20 ./ra_gen/hal_data.o
                0x0000a300                g_timer1_pwm_extend
 .rodata.g_timer2
                0x0000a320        0xc ./ra_gen/hal_data.o
                0x0000a320                g_timer2
 .rodata.g_timer2_cfg
                0x0000a32c       0x20 ./ra_gen/hal_data.o
                0x0000a32c                g_timer2_cfg
 .rodata.g_timer2_extend
                0x0000a34c       0x30 ./ra_gen/hal_data.o
                0x0000a34c                g_timer2_extend
 .rodata.g_timer2_pwm_extend
                0x0000a37c       0x20 ./ra_gen/hal_data.o
                0x0000a37c                g_timer2_pwm_extend
 .rodata.g_timer3
                0x0000a39c        0xc ./ra_gen/hal_data.o
                0x0000a39c                g_timer3
 .rodata.g_timer3_cfg
                0x0000a3a8       0x20 ./ra_gen/hal_data.o
                0x0000a3a8                g_timer3_cfg
 .rodata.g_timer3_extend
                0x0000a3c8       0x30 ./ra_gen/hal_data.o
                0x0000a3c8                g_timer3_extend
 .rodata.g_timer3_pwm_extend
                0x0000a3f8       0x20 ./ra_gen/hal_data.o
                0x0000a3f8                g_timer3_pwm_extend
 .rodata.g_timer8
                0x0000a418        0xc ./ra_gen/hal_data.o
                0x0000a418                g_timer8
 .rodata.g_timer8_cfg
                0x0000a424       0x20 ./ra_gen/hal_data.o
                0x0000a424                g_timer8_cfg
 .rodata.g_timer8_extend
                0x0000a444       0x30 ./ra_gen/hal_data.o
                0x0000a444                g_timer8_extend
 .rodata.g_uart9_cfg
                0x0000a474       0x20 ./ra_gen/hal_data.o
                0x0000a474                g_uart9_cfg
 .rodata.g_uart9_cfg_extend
                0x0000a494       0x14 ./ra_gen/hal_data.o
                0x0000a494                g_uart9_cfg_extend
 .rodata.g_bsp_pin_cfg
                0x0000a4a8        0x8 ./ra_gen/pin_data.o
                0x0000a4a8                g_bsp_pin_cfg
 .rodata.g_bsp_pin_cfg_data
                0x0000a4b0      0x128 ./ra_gen/pin_data.o
                0x0000a4b0                g_bsp_pin_cfg_data
 .rodata.g_interrupt_event_link_select
                0x0000a5d8       0xc0 ./ra_gen/vector_data.o
                0x0000a5d8                g_interrupt_event_link_select
 .rodata.g_poeg_on_poeg
                0x0000a698       0x18 ./ra/fsp/src/r_poeg/r_poeg.o
                0x0000a698                g_poeg_on_poeg
 .rodata.g_ioport_on_ioport
                0x0000a6b0       0x34 ./ra/fsp/src/r_ioport/r_ioport.o
                0x0000a6b0                g_ioport_on_ioport
 .rodata.g_timer_on_gpt
                0x0000a6e4       0x30 ./ra/fsp/src/r_gpt/r_gpt.o
                0x0000a6e4                g_timer_on_gpt
 .rodata.g_transfer_on_dtc
                0x0000a714       0x24 ./ra/fsp/src/r_dtc/r_dtc.o
                0x0000a714                g_transfer_on_dtc
 .rodata.g_dac_on_dac
                0x0000a738       0x14 ./ra/fsp/src/r_dac/r_dac.o
                0x0000a738                g_dac_on_dac
 .rodata.dlc_to_bytes
                0x0000a74c       0x10 ./ra/fsp/src/r_canfd/r_canfd.o
 .rodata.g_canfd_on_canfd
                0x0000a75c       0x1c ./ra/fsp/src/r_canfd/r_canfd.o
                0x0000a75c                g_canfd_on_canfd
 .rodata.g_timer_on_agt
                0x0000a778       0x30 ./ra/fsp/src/r_agt/r_agt.o
                0x0000a778                g_timer_on_agt
 .rodata.g_adc_on_adc_b
                0x0000a7a8       0x34 ./ra/fsp/src/r_adc_b/r_adc_b.o
                0x0000a7a8                g_adc_on_adc_b
 .rodata.g_comparator_on_acmphs
                0x0000a7dc       0x14 ./ra/fsp/src/r_acmphs/r_acmphs.o
                0x0000a7dc                g_comparator_on_acmphs
 .rodata.g_prcr_masks
                0x0000a7f0        0x8 ./ra/fsp/src/bsp/mcu/all/bsp_register_protection.o
 .rodata._printf_float.str1.1
                0x0000a7f8       0x12 d:/cdpf/gnu arm embedded toolchain/10 2021.10/bin/../lib/gcc/arm-none-eabi/10.3.1/../../../../arm-none-eabi/lib/thumb/v8-m.main+fp/hard\libg_nano.a(lib_a-nano-vfprintf_float.o)
 .rodata._dtoa_r.str1.1
                0x0000a80a       0xb3 d:/cdpf/gnu arm embedded toolchain/10 2021.10/bin/../lib/gcc/arm-none-eabi/10.3.1/../../../../arm-none-eabi/lib/thumb/v8-m.main+fp/hard\libg_nano.a(lib_a-dtoa.o)
                                 0xb5 (size before relaxing)
 .rodata._Balloc.str1.1
                0x0000a8bd       0x7f d:/cdpf/gnu arm embedded toolchain/10 2021.10/bin/../lib/gcc/arm-none-eabi/10.3.1/../../../../arm-none-eabi/lib/thumb/v8-m.main+fp/hard\libg_nano.a(lib_a-mprec.o)
                                 0x96 (size before relaxing)
 .rodata.__multadd.str1.1
                0x0000a93c       0x11 d:/cdpf/gnu arm embedded toolchain/10 2021.10/bin/../lib/gcc/arm-none-eabi/10.3.1/../../../../arm-none-eabi/lib/thumb/v8-m.main+fp/hard\libg_nano.a(lib_a-mprec.o)
 *fill*         0x0000a93c        0x4 ff
 .rodata.__mprec_bigtens
                0x0000a940       0x28 d:/cdpf/gnu arm embedded toolchain/10 2021.10/bin/../lib/gcc/arm-none-eabi/10.3.1/../../../../arm-none-eabi/lib/thumb/v8-m.main+fp/hard\libg_nano.a(lib_a-mprec.o)
                0x0000a940                __mprec_bigtens
 .rodata.__mprec_tens
                0x0000a968       0xc8 d:/cdpf/gnu arm embedded toolchain/10 2021.10/bin/../lib/gcc/arm-none-eabi/10.3.1/../../../../arm-none-eabi/lib/thumb/v8-m.main+fp/hard\libg_nano.a(lib_a-mprec.o)
                0x0000a968                __mprec_tens
 .rodata.p05.0  0x0000aa30        0xc d:/cdpf/gnu arm embedded toolchain/10 2021.10/bin/../lib/gcc/arm-none-eabi/10.3.1/../../../../arm-none-eabi/lib/thumb/v8-m.main+fp/hard\libg_nano.a(lib_a-mprec.o)
 .rodata._setlocale_r.str1.1
                0x0000aa3c        0x8 d:/cdpf/gnu arm embedded toolchain/10 2021.10/bin/../lib/gcc/arm-none-eabi/10.3.1/../../../../arm-none-eabi/lib/thumb/v8-m.main+fp/hard\libg_nano.a(lib_a-locale.o)
                                  0x9 (size before relaxing)
 .rodata.str1.1
                0x0000aa44        0x2 d:/cdpf/gnu arm embedded toolchain/10 2021.10/bin/../lib/gcc/arm-none-eabi/10.3.1/../../../../arm-none-eabi/lib/thumb/v8-m.main+fp/hard\libg_nano.a(lib_a-locale.o)
 .rodata._ctype_
                0x0000aa46      0x101 d:/cdpf/gnu arm embedded toolchain/10 2021.10/bin/../lib/gcc/arm-none-eabi/10.3.1/../../../../arm-none-eabi/lib/thumb/v8-m.main+fp/hard\libg_nano.a(lib_a-ctype_.o)
                0x0000aa46                _ctype_
 *fill*         0x0000ab47        0x1 ff
 .rodata.__sf_fake_stderr
                0x0000ab48       0x20 d:/cdpf/gnu arm embedded toolchain/10 2021.10/bin/../lib/gcc/arm-none-eabi/10.3.1/../../../../arm-none-eabi/lib/thumb/v8-m.main+fp/hard\libc_nano.a(lib_a-findfp.o)
                0x0000ab48                __sf_fake_stderr
 .rodata.__sf_fake_stdin
                0x0000ab68       0x20 d:/cdpf/gnu arm embedded toolchain/10 2021.10/bin/../lib/gcc/arm-none-eabi/10.3.1/../../../../arm-none-eabi/lib/thumb/v8-m.main+fp/hard\libc_nano.a(lib_a-findfp.o)
                0x0000ab68                __sf_fake_stdin
 .rodata.__sf_fake_stdout
                0x0000ab88       0x20 d:/cdpf/gnu arm embedded toolchain/10 2021.10/bin/../lib/gcc/arm-none-eabi/10.3.1/../../../../arm-none-eabi/lib/thumb/v8-m.main+fp/hard\libc_nano.a(lib_a-findfp.o)
                0x0000ab88                __sf_fake_stdout
                0x0000aba8                __usb_dev_descriptor_start_fs = .
 *(.usb_device_desc_fs*)
                0x0000aba8                __usb_cfg_descriptor_start_fs = .
 *(.usb_config_desc_fs*)
                0x0000aba8                __usb_interface_descriptor_start_fs = .
 *(.usb_interface_desc_fs*)
                0x0000aba8                __usb_descriptor_end_fs = .
                0x0000aba8                __usb_dev_descriptor_start_hs = .
 *(.usb_device_desc_hs*)
                0x0000aba8                __usb_cfg_descriptor_start_hs = .
 *(.usb_config_desc_hs*)
                0x0000aba8                __usb_interface_descriptor_start_hs = .
 *(.usb_interface_desc_hs*)
                0x0000aba8                __usb_descriptor_end_hs = .
 *(.eh_frame*)
 .eh_frame      0x0000aba8        0x0 d:/cdpf/gnu arm embedded toolchain/10 2021.10/bin/../lib/gcc/arm-none-eabi/10.3.1/thumb/v8-m.main+fp/hard/crtbegin.o
 .eh_frame      0x0000aba8        0x4 d:/cdpf/gnu arm embedded toolchain/10 2021.10/bin/../lib/gcc/arm-none-eabi/10.3.1/thumb/v8-m.main+fp/hard/crtend.o
                0x0000abac                __ROM_End = .
                0x000001c0                __Vectors_Size = (__Vectors_End - __Vectors)

.glue_7         0x0000abac        0x0
 .glue_7        0x0000abac        0x0 linker stubs

.glue_7t        0x0000abac        0x0
 .glue_7t       0x0000abac        0x0 linker stubs

.vfp11_veneer   0x0000abac        0x0
 .vfp11_veneer  0x0000abac        0x0 linker stubs

.v4_bx          0x0000abac        0x0
 .v4_bx         0x0000abac        0x0 linker stubs

.iplt           0x0000abac        0x0
 .iplt          0x0000abac        0x0 d:/cdpf/gnu arm embedded toolchain/10 2021.10/bin/../lib/gcc/arm-none-eabi/10.3.1/thumb/v8-m.main+fp/hard/crtbegin.o

.ARM.extab
 *(.ARM.extab* .gnu.linkonce.armextab.*)
                0x0000abac                __exidx_start = .

.ARM.exidx
 *(.ARM.exidx* .gnu.linkonce.armexidx.*)
                0x0000abac                __exidx_end = .
                0x0000abac                __etext = .
                0x20000000                __tz_RAM_S = ORIGIN (RAM)

.fsp_dtc_vector_table
                0x20000000      0x180
                0x20000000                . = ORIGIN (RAM)
 *(.fsp_dtc_vector_table)
 .fsp_dtc_vector_table
                0x20000000      0x180 ./ra/fsp/src/r_dtc/r_dtc.o

.data           0x20000180      0x774 load address 0x0000abac
                0x20000180                __data_start__ = .
                0x20000180                . = ALIGN (0x4)
                0x20000180                __Code_In_RAM_Start = .
 *(.code_in_ram*)
                0x20000180                __Code_In_RAM_End = .
 *(vtable)
 *(.data.*)
 .data.b_canfd_tx_complete
                0x20000180        0x1 ./src/can_fd.o
                0x20000180                b_canfd_tx_complete
 *fill*         0x20000181        0x3 
 .data.g_sci9_tx_ERROR
                0x20000184        0x5 ./src/console.o
                0x20000184                g_sci9_tx_ERROR
 *fill*         0x20000189        0x3 
 .data.g_sci9_tx_OK
                0x2000018c        0x5 ./src/console.o
                0x2000018c                g_sci9_tx_OK
 .data.f_key_enable.3
                0x20000191        0x1 ./src/hal_entry.o
 .data.f_key_released.1
                0x20000192        0x1 ./src/hal_entry.o
 *fill*         0x20000193        0x1 
 .data.ntc_table
                0x20000194      0x500 ./src/hal_entry.o
                0x20000194                ntc_table
 .data.zero_offset_en.7
                0x20000694        0x1 ./src/hal_entry.o
 .data.gf_sci9_tx_complete
                0x20000695        0x1 ./src/ra6t2.o
                0x20000695                gf_sci9_tx_complete
 *fill*         0x20000696        0x2 
 .data.g_canfd0_bit_timing_cfg
                0x20000698       0x10 ./ra_gen/hal_data.o
                0x20000698                g_canfd0_bit_timing_cfg
 .data.g_canfd0_data_timing_cfg
                0x200006a8       0x10 ./ra_gen/hal_data.o
                0x200006a8                g_canfd0_data_timing_cfg
 .data.g_canfd0_extended_cfg
                0x200006b8       0x20 ./ra_gen/hal_data.o
                0x200006b8                g_canfd0_extended_cfg
 .data.g_canfd_global_cfg
                0x200006d8       0x18 ./ra_gen/hal_data.o
                0x200006d8                g_canfd_global_cfg
 .data.g_comparator2_extend
                0x200006f0        0x8 ./ra_gen/hal_data.o
                0x200006f0                g_comparator2_extend
 .data.g_dtc0_sci9_txi_info
                0x200006f8       0x10 ./ra_gen/hal_data.o
                0x200006f8                g_dtc0_sci9_txi_info
 .data.g_dtc1_sci9_rxi_info
                0x20000708       0x10 ./ra_gen/hal_data.o
                0x20000708                g_dtc1_sci9_rxi_info
 .data.g_uart9_baud_setting
                0x20000718        0x4 ./ra_gen/hal_data.o
                0x20000718                g_uart9_baud_setting
 .data._impure_ptr
                0x2000071c        0x4 d:/cdpf/gnu arm embedded toolchain/10 2021.10/bin/../lib/gcc/arm-none-eabi/10.3.1/../../../../arm-none-eabi/lib/thumb/v8-m.main+fp/hard\libg_nano.a(lib_a-impure.o)
                0x2000071c                _impure_ptr
 .data.impure_data
                0x20000720       0x60 d:/cdpf/gnu arm embedded toolchain/10 2021.10/bin/../lib/gcc/arm-none-eabi/10.3.1/../../../../arm-none-eabi/lib/thumb/v8-m.main+fp/hard\libg_nano.a(lib_a-impure.o)
 .data.__global_locale
                0x20000780      0x16c d:/cdpf/gnu arm embedded toolchain/10 2021.10/bin/../lib/gcc/arm-none-eabi/10.3.1/../../../../arm-none-eabi/lib/thumb/v8-m.main+fp/hard\libg_nano.a(lib_a-locale.o)
                0x20000780                __global_locale
 *(.data)
                0x200008ec                . = ALIGN (0x4)
                0x200008ec                PROVIDE (__preinit_array_start = .)
 *(.preinit_array)
                0x200008ec                PROVIDE (__preinit_array_end = .)
                0x200008ec                . = ALIGN (0x4)
                0x200008ec                PROVIDE (__init_array_start = .)
 *(SORT_BY_NAME(.init_array.*))
 *(.init_array)
 .init_array    0x200008ec        0x4 d:/cdpf/gnu arm embedded toolchain/10 2021.10/bin/../lib/gcc/arm-none-eabi/10.3.1/thumb/v8-m.main+fp/hard/crtbegin.o
                0x200008f0                PROVIDE (__init_array_end = .)
                0x200008f0                . = ALIGN (0x4)
                [!provide]                PROVIDE (__fini_array_start = .)
 *(SORT_BY_NAME(.fini_array.*))
 *(.fini_array)
 .fini_array    0x200008f0        0x4 d:/cdpf/gnu arm embedded toolchain/10 2021.10/bin/../lib/gcc/arm-none-eabi/10.3.1/thumb/v8-m.main+fp/hard/crtbegin.o
                [!provide]                PROVIDE (__fini_array_end = .)
 *(.jcr*)
                0x200008f4                . = ALIGN (0x4)
                0x200008f4                __data_end__ = .
                0x0000b320                DATA_END = (LOADADDR (.data) + SIZEOF (.data))
                0x0000b400                SGSTUBS_LOC = (DEFINED (PROJECT_SECURE) && DEFINED (FLASH_NSC_START))?ABSOLUTE (FLASH_NSC_START):ALIGN (DATA_END, 0x400)

.igot.plt       0x200008f4        0x0 load address 0x0000b320
 .igot.plt      0x200008f4        0x0 d:/cdpf/gnu arm embedded toolchain/10 2021.10/bin/../lib/gcc/arm-none-eabi/10.3.1/thumb/v8-m.main+fp/hard/crtbegin.o

.gnu.sgstubs    0x0000b400        0x0
                0x0000b400                __tz_FLASH_C = DEFINED (FLASH_NSC_START)?ABSOLUTE (FLASH_NSC_START):__RESERVE_NS_RAM?ABSOLUTE ((FLASH_START + FLASH_LENGTH)):ALIGN (0x400)
                0x0000b400                _start_sg = .
 *(.gnu.sgstubs*)
                0x0000b400                . = ALIGN (0x20)
                0x0000b400                _end_sg = .
                0x00010000                __tz_FLASH_N = DEFINED (FLASH_NS_START)?ABSOLUTE (FLASH_NS_START):__RESERVE_NS_RAM?ABSOLUTE ((FLASH_START + FLASH_LENGTH)):(FLASH_LENGTH < 0x8000)?FLASH_LENGTH:ALIGN (0x8000)
                0x00010000                FLASH_NS_IMAGE_START = DEFINED (FLASH_NS_IMAGE_START)?FLASH_NS_IMAGE_START:__tz_FLASH_N
                0x60000000                __tz_QSPI_FLASH_S = ORIGIN (QSPI_FLASH)

.qspi_flash     0x60000000        0x0
                0x60000000                __qspi_flash_start__ = .
 *(.qspi_flash*)
 *(.code_in_qspi*)
                0x60000000                __qspi_flash_end__ = .
                0x00000000                __qspi_flash_code_size__ = (__qspi_flash_end__ - __qspi_flash_start__)
                0x0000b320                __qspi_flash_code_addr__ = (__etext + (__data_end__ - __data_start__))

.qspi_non_retentive
                0x60000000        0x0 load address 0x0000b320
                0x60000000                __qspi_non_retentive_start__ = .
 *(.qspi_non_retentive*)
                0x60000000                __qspi_non_retentive_end__ = .
                0x00000000                __qspi_non_retentive_size__ = (__qspi_non_retentive_end__ - __qspi_non_retentive_start__)
                0x04000000                __qspi_region_max_size__ = 0x4000000
                0x60000000                __qspi_region_start_address__ = __qspi_flash_start__
                0x64000000                __qspi_region_end_address__ = (__qspi_flash_start__ + __qspi_region_max_size__)
                0x60000000                __tz_QSPI_FLASH_N = __qspi_non_retentive_end__

.OSPI_DEVICE_0_NO_LOAD
                0x68000000        0x0
                0x68000000                . = ALIGN (0x4)
                0x68000000                __ospi_device_0_start__ = .
 *(.ospi_device_0_no_load*)
                0x68000000                . = ALIGN (0x4)
                0x68000000                __ospi_device_0_end__ = .

.OSPI_DEVICE_1_NO_LOAD
                0x70000000        0x0
                0x70000000                . = ALIGN (0x4)
                0x70000000                __ospi_device_1_start__ = .
 *(.ospi_device_1_no_load*)
                0x70000000                . = ALIGN (0x4)
                0x70000000                __ospi_device_1_end__ = .
                0x68000000                __tz_OSPI_DEVICE_0_S = ORIGIN (OSPI_DEVICE_0)

.OSPI_DEVICE_0  0x68000000        0x0
                0x68000000                __ospi_device_0_start__ = .
 *(.ospi_device_0*)
 *(.code_in_ospi_device_0*)
                0x68000000                __ospi_device_0_end__ = .
                0x00000000                __ospi_device_0_code_size__ = (__ospi_device_0_end__ - __ospi_device_0_start__)
                0x0000b320                __ospi_device_0_code_addr__ = (__etext + (__data_end__ - __data_start__))

.ospi_device_0_non_retentive
                0x68000000        0x0 load address 0x0000b320
                0x68000000                __ospi_device_0_non_retentive_start__ = .
 *(.ospi_device_0_non_retentive*)
                0x68000000                __ospi_device_0_non_retentive_end__ = .
                0x00000000                __ospi_device_0_non_retentive_size__ = (__ospi_device_0_non_retentive_end__ - __ospi_device_0_non_retentive_start__)
                0x08000000                __ospi_device_0_region_max_size__ = 0x8000000
                0x68000000                __ospi_device_0_region_start_address__ = __ospi_device_0_start__
                0x70000000                __ospi_device_0_region_end_address__ = (__ospi_device_0_start__ + __ospi_device_0_region_max_size__)
                0x68000000                __tz_OSPI_DEVICE_0_N = __ospi_device_0_non_retentive_end__
                0x70000000                __tz_OSPI_DEVICE_1_S = ORIGIN (OSPI_DEVICE_1)

.OSPI_DEVICE_1  0x70000000        0x0
                0x70000000                __ospi_device_1_start__ = .
 *(.ospi_device_1*)
 *(.code_in_ospi_device_1*)
                0x70000000                __ospi_device_1_end__ = .
                0x00000000                __ospi_device_1_code_size__ = (__ospi_device_1_end__ - __ospi_device_1_start__)
                0x0000b320                __ospi_device_1_code_addr__ = (__etext + (__data_end__ - __data_start__))

.ospi_device_1_non_retentive
                0x70000000        0x0 load address 0x0000b320
                0x70000000                __ospi_device_1_non_retentive_start__ = .
 *(.ospi_device_1_non_retentive*)
                0x70000000                __ospi_device_1_non_retentive_end__ = .
                0x00000000                __ospi_device_1_non_retentive_size__ = (__ospi_device_1_non_retentive_end__ - __ospi_device_1_non_retentive_start__)
                0x10000000                __ospi_device_1_region_max_size__ = 0x10000000
                0x70000000                __ospi_device_1_region_start_address__ = __ospi_device_1_start__
                0x80000000                __ospi_device_1_region_end_address__ = (__ospi_device_1_start__ + __ospi_device_1_region_max_size__)
                0x70000000                __tz_OSPI_DEVICE_1_N = __ospi_device_1_non_retentive_end__

.noinit         0x200008f4       0x1c
                0x200008f4                . = ALIGN (0x4)
                0x200008f4                __noinit_start = .
 *(.noinit*)
 .noinit        0x200008f4       0x1c ./ra/fsp/src/bsp/mcu/all/bsp_clocks.o
                0x20000910                . = ALIGN (0x8)
 *(.heap.*)
                0x20000910                __noinit_end = .

.bss            0x20000910      0x96c
                0x20000910                . = ALIGN (0x4)
                0x20000910                __bss_start__ = .
 *(.bss*)
 .bss           0x20000910       0x1c d:/cdpf/gnu arm embedded toolchain/10 2021.10/bin/../lib/gcc/arm-none-eabi/10.3.1/thumb/v8-m.main+fp/hard/crtbegin.o
 .bss.b_canfd_rx_complete
                0x2000092c        0x1 ./src/can_fd.o
                0x2000092c                b_canfd_rx_complete
 .bss.f_read    0x2000092d        0x1 ./src/can_fd.o
                0x2000092d                f_read
 *fill*         0x2000092e        0x2 
 .bss.g_canfd_rx_frame
                0x20000930       0x4c ./src/can_fd.o
                0x20000930                g_canfd_rx_frame
 .bss.g_canfd_tx_frame
                0x2000097c       0x4c ./src/can_fd.o
                0x2000097c                g_canfd_tx_frame
 .bss.con       0x200009c8       0x44 ./src/console.o
                0x200009c8                con
 .bss.g_sci9_rx_buf
                0x20000a0c      0x100 ./src/console.o
                0x20000a0c                g_sci9_rx_buf
 .bss.g_sci9_tx_Monitor
                0x20000b0c       0x16 ./src/console.o
                0x20000b0c                g_sci9_tx_Monitor
 *fill*         0x20000b22        0x2 
 .bss.g_sci9_tx_Read1
                0x20000b24        0xf ./src/console.o
                0x20000b24                g_sci9_tx_Read1
 *fill*         0x20000b33        0x1 
 .bss.g_sci9_tx_Read2
                0x20000b34       0x1f ./src/console.o
                0x20000b34                g_sci9_tx_Read2
 .bss.rx_num    0x20000b53        0x1 ./src/console.o
                0x20000b53                rx_num
 .bss.Ts_step   0x20000b54        0x4 ./src/dcdc_dab.o
                0x20000b54                Ts_step
 .bss.burst_code
                0x20000b58        0x1 ./src/dcdc_dab.o
                0x20000b58                burst_code
 .bss.f_burst   0x20000b59        0x1 ./src/dcdc_dab.o
                0x20000b59                f_burst
 .bss.f_pwm_output
                0x20000b5a        0x1 ./src/dcdc_dab.o
                0x20000b5a                f_pwm_output
 *fill*         0x20000b5b        0x1 
 .bss.g_dab_iloop_pi
                0x20000b5c       0x3c ./src/dcdc_dab.o
                0x20000b5c                g_dab_iloop_pi
 .bss.g_dab_para
                0x20000b98       0x6c ./src/dcdc_dab.o
                0x20000b98                g_dab_para
 .bss.g_dab_pri_iloop_pi
                0x20000c04       0x3c ./src/dcdc_dab.o
                0x20000c04                g_dab_pri_iloop_pi
 .bss.g_dab_pri_vloop_pi
                0x20000c40       0x3c ./src/dcdc_dab.o
                0x20000c40                g_dab_pri_vloop_pi
 .bss.g_dab_sys
                0x20000c7c        0x4 ./src/dcdc_dab.o
                0x20000c7c                g_dab_sys
 .bss.g_dab_vloop_pi
                0x20000c80       0x3c ./src/dcdc_dab.o
                0x20000c80                g_dab_vloop_pi
 .bss.g_goc_para
                0x20000cbc       0x88 ./src/dcdc_dab.o
                0x20000cbc                g_goc_para
 .bss.ramp_for_iin
                0x20000d44       0x28 ./src/dcdc_dab.o
                0x20000d44                ramp_for_iin
 .bss.ramp_for_iout
                0x20000d6c       0x28 ./src/dcdc_dab.o
                0x20000d6c                ramp_for_iout
 .bss.ramp_for_vin
                0x20000d94       0x28 ./src/dcdc_dab.o
                0x20000d94                ramp_for_vin
 .bss.ramp_for_vout
                0x20000dbc       0x28 ./src/dcdc_dab.o
                0x20000dbc                ramp_for_vout
 .bss.count.0   0x20000de4        0x2 ./src/err_handler.o
 *fill*         0x20000de6        0x2 
 .bss.g_dab_err
                0x20000de8        0x2 ./src/err_handler.o
                0x20000de8                g_dab_err
 .bss.adc_cont.4
                0x20000dea        0x1 ./src/hal_entry.o
 *fill*         0x20000deb        0x1 
 .bss.adc_sum0.6
                0x20000dec        0x4 ./src/hal_entry.o
 .bss.adc_sum1.5
                0x20000df0        0x4 ./src/hal_entry.o
 .bss.g_key_signal
                0x20000df4        0x4 ./src/hal_entry.o
                0x20000df4                g_key_signal
 .bss.hb_cntr   0x20000df8        0x4 ./src/hal_entry.o
                0x20000df8                hb_cntr
 .bss.key_cntr  0x20000dfc        0x4 ./src/hal_entry.o
                0x20000dfc                key_cntr
 .bss.key_time.0
                0x20000e00        0x2 ./src/hal_entry.o
 *fill*         0x20000e02        0x2 
 .bss.press_cont.2
                0x20000e04        0x4 ./src/hal_entry.o
 .bss.err       0x20000e08        0x4 ./src/ra6t2.o
                0x20000e08                err
 .bss.g_pwm_shift_ch0
                0x20000e0c       0x28 ./src/ra6t2.o
                0x20000e0c                g_pwm_shift_ch0
 .bss.g_pwm_shift_ch1
                0x20000e34       0x28 ./src/ra6t2.o
                0x20000e34                g_pwm_shift_ch1
 .bss.g_pwm_shift_ch2
                0x20000e5c       0x28 ./src/ra6t2.o
                0x20000e5c                g_pwm_shift_ch2
 .bss.g_pwm_shift_ch3
                0x20000e84       0x28 ./src/ra6t2.o
                0x20000e84                g_pwm_shift_ch3
 .bss.g_pwm_value
                0x20000eac        0xc ./src/ra6t2.o
                0x20000eac                g_pwm_value
 .bss.gf_pwm_half
                0x20000eb8        0x1 ./src/ra6t2.o
                0x20000eb8                gf_pwm_half
 .bss.gf_sci9_rx_complete
                0x20000eb9        0x1 ./src/ra6t2.o
                0x20000eb9                gf_sci9_rx_complete
 *fill*         0x20000eba        0x2 
 .bss.g_elc_ctrl
                0x20000ebc        0x8 ./ra_gen/common_data.o
                0x20000ebc                g_elc_ctrl
 .bss.g_ioport_ctrl
                0x20000ec4        0x8 ./ra_gen/common_data.o
                0x20000ec4                g_ioport_ctrl
 .bss.g_irq0_ctrl
                0x20000ecc       0x10 ./ra_gen/common_data.o
                0x20000ecc                g_irq0_ctrl
 .bss.g_adc0_ctrl
                0x20000edc       0x20 ./ra_gen/hal_data.o
                0x20000edc                g_adc0_ctrl
 .bss.g_agt1_10kHz_ctrl
                0x20000efc       0x1c ./ra_gen/hal_data.o
                0x20000efc                g_agt1_10kHz_ctrl
 .bss.g_canfd0_ctrl
                0x20000f18       0x18 ./ra_gen/hal_data.o
                0x20000f18                g_canfd0_ctrl
 .bss.g_comparator2_ctrl
                0x20000f30       0x10 ./ra_gen/hal_data.o
                0x20000f30                g_comparator2_ctrl
 .bss.g_dac0_ctrl
                0x20000f40       0x10 ./ra_gen/hal_data.o
                0x20000f40                g_dac0_ctrl
 .bss.g_dac1_ctrl
                0x20000f50       0x10 ./ra_gen/hal_data.o
                0x20000f50                g_dac1_ctrl
 .bss.g_dac2_ctrl
                0x20000f60       0x10 ./ra_gen/hal_data.o
                0x20000f60                g_dac2_ctrl
 .bss.g_dac3_ctrl
                0x20000f70       0x10 ./ra_gen/hal_data.o
                0x20000f70                g_dac3_ctrl
 .bss.g_dtc0_sci9_txi_ctrl
                0x20000f80        0x8 ./ra_gen/hal_data.o
                0x20000f80                g_dtc0_sci9_txi_ctrl
 .bss.g_dtc1_sci9_rxi_ctrl
                0x20000f88        0x8 ./ra_gen/hal_data.o
                0x20000f88                g_dtc1_sci9_rxi_ctrl
 .bss.g_poeg1_ctrl
                0x20000f90       0x18 ./ra_gen/hal_data.o
                0x20000f90                g_poeg1_ctrl
 .bss.g_timer0_ctrl
                0x20000fa8       0x20 ./ra_gen/hal_data.o
                0x20000fa8                g_timer0_ctrl
 .bss.g_timer1_ctrl
                0x20000fc8       0x20 ./ra_gen/hal_data.o
                0x20000fc8                g_timer1_ctrl
 .bss.g_timer2_ctrl
                0x20000fe8       0x20 ./ra_gen/hal_data.o
                0x20000fe8                g_timer2_ctrl
 .bss.g_timer3_ctrl
                0x20001008       0x20 ./ra_gen/hal_data.o
                0x20001008                g_timer3_ctrl
 .bss.g_timer8_ctrl
                0x20001028       0x20 ./ra_gen/hal_data.o
                0x20001028                g_timer8_ctrl
 .bss.g_uart9_ctrl
                0x20001048       0x30 ./ra_gen/hal_data.o
                0x20001048                g_uart9_ctrl
 .bss.g_dtc_state_initialized.0
                0x20001078        0x1 ./ra/fsp/src/r_dtc/r_dtc.o
 *fill*         0x20001079        0x3 
 .bss.gp_ctrl   0x2000107c        0x4 ./ra/fsp/src/r_canfd/r_canfd.o
 .bss.gp_prv_agt_periods
                0x20001080        0x8 ./ra/fsp/src/r_agt/r_agt.o
 .bss.g_bsp_group_irq_sources
                0x20001088       0x40 ./ra/fsp/src/bsp/mcu/all/bsp_group_irq.o
                0x20001088                g_bsp_group_irq_sources
 .bss.g_protect_pfswe_counter
                0x200010c8        0x4 ./ra/fsp/src/bsp/mcu/all/bsp_io.o
                0x200010c8                g_protect_pfswe_counter
 .bss.gp_renesas_isr_context
                0x200010cc      0x180 ./ra/fsp/src/bsp/mcu/all/bsp_irq.o
                0x200010cc                gp_renesas_isr_context
 .bss.g_protect_counters
                0x2000124c        0x8 ./ra/fsp/src/bsp/mcu/all/bsp_register_protection.o
                0x2000124c                g_protect_counters
 .bss.current_heap_end.0
                0x20001254        0x4 ./ra/fsp/src/bsp/mcu/all/bsp_sbrk.o
 .bss.SystemCoreClock
                0x20001258        0x4 ./ra/fsp/src/bsp/cmsis/Device/RENESAS/Source/system.o
                0x20001258                SystemCoreClock
 .bss.Delta.4   0x2000125c        0x4 D:\Workspace\gitLab_workspace\cn028-2-digital-power-dab\CN028_2_RA6T2_DAB\lib\libDAB_Lib.a(dab_lib.o)
 .bss.MaxStp.3  0x20001260        0x4 D:\Workspace\gitLab_workspace\cn028-2-digital-power-dab\CN028_2_RA6T2_DAB\lib\libDAB_Lib.a(dab_lib.o)
 .bss.OutputTemp.2
                0x20001264        0x4 D:\Workspace\gitLab_workspace\cn028-2-digital-power-dab\CN028_2_RA6T2_DAB\lib\libDAB_Lib.a(dab_lib.o)
 .bss.Pwr_Lvl.0
                0x20001268        0x1 D:\Workspace\gitLab_workspace\cn028-2-digital-power-dab\CN028_2_RA6T2_DAB\lib\libDAB_Lib.a(dab_lib.o)
 *fill*         0x20001269        0x3 
 .bss.__malloc_free_list
                0x2000126c        0x4 d:/cdpf/gnu arm embedded toolchain/10 2021.10/bin/../lib/gcc/arm-none-eabi/10.3.1/../../../../arm-none-eabi/lib/thumb/v8-m.main+fp/hard\libg_nano.a(lib_a-nano-mallocr.o)
                0x2000126c                __malloc_free_list
 .bss.__malloc_sbrk_start
                0x20001270        0x4 d:/cdpf/gnu arm embedded toolchain/10 2021.10/bin/../lib/gcc/arm-none-eabi/10.3.1/../../../../arm-none-eabi/lib/thumb/v8-m.main+fp/hard\libg_nano.a(lib_a-nano-mallocr.o)
                0x20001270                __malloc_sbrk_start
 .bss.errno     0x20001274        0x4 d:/cdpf/gnu arm embedded toolchain/10 2021.10/bin/../lib/gcc/arm-none-eabi/10.3.1/../../../../arm-none-eabi/lib/thumb/v8-m.main+fp/hard\libg_nano.a(lib_a-reent.o)
                0x20001274                errno
 .bss.__lock___malloc_recursive_mutex
                0x20001278        0x1 d:/cdpf/gnu arm embedded toolchain/10 2021.10/bin/../lib/gcc/arm-none-eabi/10.3.1/../../../../arm-none-eabi/lib/thumb/v8-m.main+fp/hard\libg_nano.a(lib_a-lock.o)
                0x20001278                __lock___malloc_recursive_mutex
 *(COMMON)
                0x2000127c                . = ALIGN (0x4)
 *fill*         0x20001279        0x3 
                0x2000127c                __bss_end__ = .

.heap           0x20001280     0x1000
                0x20001280                . = ALIGN (0x8)
                0x20001280                __HeapBase = .
 *(.heap)
 .heap          0x20001280     0x1000 ./ra/fsp/src/bsp/cmsis/Device/RENESAS/Source/startup.o
                0x20002280                __HeapLimit = .

.stack_dummy    0x20002280     0x5000
                0x20002280                . = ALIGN (0x8)
                0x20002280                __StackLimit = .
 *(.stack)
 .stack         0x20002280     0x5000 ./ra/fsp/src/bsp/cmsis/Device/RENESAS/Source/startup.o
                0x20007280                __StackTop = .
 *(.stack*)
                0x20007280                __StackTopAll = .
                0x20007280                PROVIDE (__stack = __StackTopAll)
                0x20007280                __RAM_segment_used_end__ = ALIGN (__StackTopAll, 0x4)
                0x20007400                __tz_RAM_C = DEFINED (RAM_NSC_START)?ABSOLUTE (RAM_NSC_START):__RESERVE_NS_RAM?ABSOLUTE (RAM_NS_BUFFER_BLOCK_START):ALIGN (__RAM_segment_used_end__, 0x400)
                0x20008000                __tz_RAM_N = DEFINED (RAM_NS_START)?ABSOLUTE (RAM_NS_START):__RESERVE_NS_RAM?ABSOLUTE (RAM_NS_BUFFER_BLOCK_START):ALIGN (__tz_RAM_C, 0x2000)

.ns_buffer      0x20007280        0x0
                0x20007280                . = __RESERVE_NS_RAM?ABSOLUTE ((RAM_NS_BUFFER_START & 0xffffffe0)):.
 *(.ns_buffer*)

.data_flash     0x08000000        0x0
                0x08000000                . = ORIGIN (DATA_FLASH)
                0x08000000                __tz_DATA_FLASH_S = .
                0x08000000                __Data_Flash_Start = .
 *(.data_flash*)
                0x08000000                __Data_Flash_End = .
                0x08000000                __tz_DATA_FLASH_N = DEFINED (DATA_FLASH_NS_START)?ABSOLUTE (DATA_FLASH_NS_START):__RESERVE_NS_RAM?ABSOLUTE ((DATA_FLASH_START + DATA_FLASH_LENGTH)):ALIGN (0x400)
                0x90000000                __tz_SDRAM_S = ORIGIN (SDRAM)

.sdram          0x90000000        0x0
                0x90000000                __SDRAM_Start = .
 *(.sdram*)
 *(.frame*)
                0x90000000                __SDRAM_End = .
                0x90000000                __tz_SDRAM_N = __SDRAM_End
                0x00000000                __tz_ID_CODE_S = ORIGIN (ID_CODE)

.id_code        0x00000000        0x0
                0x00000000                __ID_Code_Start = .
 *(.id_code*)
                0x00000000                __ID_Code_End = .
                0x00000000                __tz_ID_CODE_N = __ID_Code_End
                0x0100a100                __tz_OPTION_SETTING_S = ORIGIN (OPTION_SETTING)

.option_setting
                0x0100a100       0x38
                0x0100a100                __OPTION_SETTING_Start = .
 *(.option_setting_ofs0)
 .option_setting_ofs0
                0x0100a100        0x4 ./ra/fsp/src/bsp/mcu/all/bsp_rom_registers.o
                0x0100a110                . = PROJECT_SECURE_OR_FLAT?(__OPTION_SETTING_Start + 0x10):__OPTION_SETTING_Start
 *fill*         0x0100a104        0xc ff
 *(.option_setting_dualsel)
                0x0100a134                . = PROJECT_SECURE_OR_FLAT?(__OPTION_SETTING_Start + 0x34):__OPTION_SETTING_Start
 *fill*         0x0100a110       0x24 ff
 *(.option_setting_sas)
 .option_setting_sas
                0x0100a134        0x4 ./ra/fsp/src/bsp/mcu/all/bsp_rom_registers.o
                0x0100a138                __OPTION_SETTING_End = .
                0x0100a180                __tz_OPTION_SETTING_N = OPTION_SETTING_START_NS

.option_setting_ns
                0x0100a138        0x0
                0x0100a138                __OPTION_SETTING_NS_Start = .
 *(.option_setting_ofs1)
                0x0100a138                . = USE_OPTION_SETTING_NS?(__OPTION_SETTING_NS_Start + 0x10):__OPTION_SETTING_NS_Start
 *(.option_setting_banksel)